Archive member included to satisfy reference by file (symbol)

c:/program files (x86)/atmel/studio/7.0/toolchain/avr8/avr8-gnu-toolchain/bin/../lib/gcc/avr/5.4.0/../../../../avr/lib/avr5\libm.a(addsf3.o)
                              TrueRMS.o (__subsf3)
c:/program files (x86)/atmel/studio/7.0/toolchain/avr8/avr8-gnu-toolchain/bin/../lib/gcc/avr/5.4.0/../../../../avr/lib/avr5\libm.a(addsf3x.o)
                              c:/program files (x86)/atmel/studio/7.0/toolchain/avr8/avr8-gnu-toolchain/bin/../lib/gcc/avr/5.4.0/../../../../avr/lib/avr5\libm.a(addsf3.o) (__addsf3x)
c:/program files (x86)/atmel/studio/7.0/toolchain/avr8/avr8-gnu-toolchain/bin/../lib/gcc/avr/5.4.0/../../../../avr/lib/avr5\libm.a(cmpsf2.o)
                              Fault_And_Indication.o (__ltsf2)
c:/program files (x86)/atmel/studio/7.0/toolchain/avr8/avr8-gnu-toolchain/bin/../lib/gcc/avr/5.4.0/../../../../avr/lib/avr5\libm.a(divsf3.o)
                              Fault_And_Indication.o (__divsf3)
c:/program files (x86)/atmel/studio/7.0/toolchain/avr8/avr8-gnu-toolchain/bin/../lib/gcc/avr/5.4.0/../../../../avr/lib/avr5\libm.a(divsf3x.o)
                              c:/program files (x86)/atmel/studio/7.0/toolchain/avr8/avr8-gnu-toolchain/bin/../lib/gcc/avr/5.4.0/../../../../avr/lib/avr5\libm.a(divsf3.o) (__divsf3x)
c:/program files (x86)/atmel/studio/7.0/toolchain/avr8/avr8-gnu-toolchain/bin/../lib/gcc/avr/5.4.0/../../../../avr/lib/avr5\libm.a(fixsfsi.o)
                              Lora_Recieved.o (__fixsfsi)
c:/program files (x86)/atmel/studio/7.0/toolchain/avr8/avr8-gnu-toolchain/bin/../lib/gcc/avr/5.4.0/../../../../avr/lib/avr5\libm.a(fixunssfsi.o)
                              c:/program files (x86)/atmel/studio/7.0/toolchain/avr8/avr8-gnu-toolchain/bin/../lib/gcc/avr/5.4.0/../../../../avr/lib/avr5\libm.a(fixsfsi.o) (__fixunssfsi)
c:/program files (x86)/atmel/studio/7.0/toolchain/avr8/avr8-gnu-toolchain/bin/../lib/gcc/avr/5.4.0/../../../../avr/lib/avr5\libm.a(floatsisf.o)
                              TrueRMS.o (__floatunsisf)
c:/program files (x86)/atmel/studio/7.0/toolchain/avr8/avr8-gnu-toolchain/bin/../lib/gcc/avr/5.4.0/../../../../avr/lib/avr5\libm.a(fp_cmp.o)
                              c:/program files (x86)/atmel/studio/7.0/toolchain/avr8/avr8-gnu-toolchain/bin/../lib/gcc/avr/5.4.0/../../../../avr/lib/avr5\libm.a(cmpsf2.o) (__fp_cmp)
c:/program files (x86)/atmel/studio/7.0/toolchain/avr8/avr8-gnu-toolchain/bin/../lib/gcc/avr/5.4.0/../../../../avr/lib/avr5\libm.a(fp_inf.o)
                              c:/program files (x86)/atmel/studio/7.0/toolchain/avr8/avr8-gnu-toolchain/bin/../lib/gcc/avr/5.4.0/../../../../avr/lib/avr5\libm.a(addsf3x.o) (__fp_inf)
c:/program files (x86)/atmel/studio/7.0/toolchain/avr8/avr8-gnu-toolchain/bin/../lib/gcc/avr/5.4.0/../../../../avr/lib/avr5\libm.a(fp_nan.o)
                              c:/program files (x86)/atmel/studio/7.0/toolchain/avr8/avr8-gnu-toolchain/bin/../lib/gcc/avr/5.4.0/../../../../avr/lib/avr5\libm.a(addsf3x.o) (__fp_nan)
c:/program files (x86)/atmel/studio/7.0/toolchain/avr8/avr8-gnu-toolchain/bin/../lib/gcc/avr/5.4.0/../../../../avr/lib/avr5\libm.a(fp_pscA.o)
                              c:/program files (x86)/atmel/studio/7.0/toolchain/avr8/avr8-gnu-toolchain/bin/../lib/gcc/avr/5.4.0/../../../../avr/lib/avr5\libm.a(addsf3x.o) (__fp_pscA)
c:/program files (x86)/atmel/studio/7.0/toolchain/avr8/avr8-gnu-toolchain/bin/../lib/gcc/avr/5.4.0/../../../../avr/lib/avr5\libm.a(fp_pscB.o)
                              c:/program files (x86)/atmel/studio/7.0/toolchain/avr8/avr8-gnu-toolchain/bin/../lib/gcc/avr/5.4.0/../../../../avr/lib/avr5\libm.a(addsf3x.o) (__fp_pscB)
c:/program files (x86)/atmel/studio/7.0/toolchain/avr8/avr8-gnu-toolchain/bin/../lib/gcc/avr/5.4.0/../../../../avr/lib/avr5\libm.a(fp_round.o)
                              c:/program files (x86)/atmel/studio/7.0/toolchain/avr8/avr8-gnu-toolchain/bin/../lib/gcc/avr/5.4.0/../../../../avr/lib/avr5\libm.a(addsf3.o) (__fp_round)
c:/program files (x86)/atmel/studio/7.0/toolchain/avr8/avr8-gnu-toolchain/bin/../lib/gcc/avr/5.4.0/../../../../avr/lib/avr5\libm.a(fp_split3.o)
                              c:/program files (x86)/atmel/studio/7.0/toolchain/avr8/avr8-gnu-toolchain/bin/../lib/gcc/avr/5.4.0/../../../../avr/lib/avr5\libm.a(addsf3x.o) (__fp_split3)
c:/program files (x86)/atmel/studio/7.0/toolchain/avr8/avr8-gnu-toolchain/bin/../lib/gcc/avr/5.4.0/../../../../avr/lib/avr5\libm.a(fp_zero.o)
                              c:/program files (x86)/atmel/studio/7.0/toolchain/avr8/avr8-gnu-toolchain/bin/../lib/gcc/avr/5.4.0/../../../../avr/lib/avr5\libm.a(addsf3x.o) (__fp_zero)
c:/program files (x86)/atmel/studio/7.0/toolchain/avr8/avr8-gnu-toolchain/bin/../lib/gcc/avr/5.4.0/../../../../avr/lib/avr5\libm.a(gesf2.o)
                              TrueRMS.o (__gesf2)
c:/program files (x86)/atmel/studio/7.0/toolchain/avr8/avr8-gnu-toolchain/bin/../lib/gcc/avr/5.4.0/../../../../avr/lib/avr5\libm.a(mulsf3.o)
[...]
Memory Configuration

Name             Origin             Length             Attributes
text             0x00000000         0x00008000         xr
data             0x00800100         0x00000800         rw !x
eeprom           0x00810000         0x00000400         rw !x
fuse             0x00820000         0x00000003         rw !x
lock             0x00830000         0x00000400         rw !x
signature        0x00840000         0x00000400         rw !x
user_signatures  0x00850000         0x00000400         rw !x
*default*        0x00000000         0xffffffff

Linker script and memory map

Address of section .data set to 0x800100
LOAD C:/Program Files (x86)/Atmel/Studio/7.0/Packs/atmel/ATmega_DFP/1.6.364/gcc/dev/atmega328p/avr5/crtatmega328p.o
LOAD analogComp.o
LOAD Calibration.o
LOAD Fault_And_Indication.o
LOAD Init.o
LOAD Lora_Recieved.o
LOAD Lora_Transmit.o
LOAD Phase_Analog_Reading.o
LOAD Pump_Handle.o
LOAD Sketch.o
LOAD TrueRMS.o
START GROUP
LOAD c:/program files (x86)/atmel/studio/7.0/toolchain/avr8/avr8-gnu-toolchain/bin/../lib/gcc/avr/5.4.0/../../../../avr/lib/avr5\libm.a
LOAD C:\Users\TUSHAR~1\DOCUME~1\GitHub\SICCA_~2\LORA_A~1.3\ARDUIN~1\ARDUIN~1\ARDUIN~1\Debug\libArduinoCore.a
END GROUP
LOAD c:/program files (x86)/atmel/studio/7.0/toolchain/avr8/avr8-gnu-toolchain/bin/../lib/gcc/avr/5.4.0/avr5\libgcc.a
LOAD c:/program files (x86)/atmel/studio/7.0/toolchain/avr8/avr8-gnu-toolchain/bin/../lib/gcc/avr/5.4.0/../../../../avr/lib/avr5\libm.a
START GROUP
LOAD c:/program files (x86)/atmel/studio/7.0/toolchain/avr8/avr8-gnu-toolchain/bin/../lib/gcc/avr/5.4.0/avr5\libgcc.a
LOAD c:/program files (x86)/atmel/studio/7.0/toolchain/avr8/avr8-gnu-toolchain/bin/../lib/gcc/avr/5.4.0/../../../../avr/lib/avr5\libm.a
LOAD c:/program files (x86)/atmel/studio/7.0/toolchain/avr8/avr8-gnu-toolchain/bin/../lib/gcc/avr/5.4.0/../../../../avr/lib/avr5\libc.a
LOAD C:/Program Files (x86)/Atmel/Studio/7.0/Packs/atmel/ATmega_DFP/1.6.364/gcc/dev/atmega328p/avr5\libatmega328p.a
END GROUP
                0x00000000                __TEXT_REGION_ORIGIN__ = DEFINED (__TEXT_REGION_ORIGIN__)?__TEXT_REGION_ORIGIN__:0x0
                [0x00800100]                __DATA_REGION_ORIGIN__ = DEFINED (__DATA_REGION_ORIGIN__)?__DATA_REGION_ORIGIN__:0x800060
                [0x00008000]                __TEXT_REGION_LENGTH__ = DEFINED (__TEXT_REGION_LENGTH__)?__TEXT_REGION_LENGTH__:0x20000
                [0x00000800]                __DATA_REGION_LENGTH__ = DEFINED (__DATA_REGION_LENGTH__)?__DATA_REGION_LENGTH__:0xffa0
                [0x00000400]                __EEPROM_REGION_LENGTH__ = DEFINED (__EEPROM_REGION_LENGTH__)?__EEPROM_REGION_LENGTH__:0x10000
                [0x00000003]                __FUSE_REGION_LENGTH__ = DEFINED (__FUSE_REGION_LENGTH__)?__FUSE_REGION_LENGTH__:0x400
                0x00000400                __LOCK_REGION_LENGTH__ = DEFINED (__LOCK_REGION_LENGTH__)?__LOCK_REGION_LENGTH__:0x400
                0x00000400                __SIGNATURE_REGION_LENGTH__ = DEFINED (__SIGNATURE_REGION_LENGTH__)?__SIGNATURE_REGION_LENGTH__:0x400
                0x00000400                __USER_SIGNATURE_REGION_LENGTH__ = DEFINED (__USER_SIGNATURE_REGION_LENGTH__)?__USER_SIGNATURE_REGION_LENGTH__:0x400

.hash
 *(.hash)

.dynsym
 *(.dynsym)

.dynstr
 *(.dynstr)

.gnu.version
 *(.gnu.version)

.gnu.version_d
 *(.gnu.version_d)

.gnu.version_r
 *(.gnu.version_r)

.rel.init
 *(.rel.init)

.rela.init
 *(.rela.init)

.rel.text
 *(.rel.text)
 *(.rel.text.*)
 *(.rel.gnu.linkonce.t*)

.rela.text
 *(.rela.text)
 *(.rela.text.*)
 *(.rela.gnu.linkonce.t*)

.rel.fini
 *(.rel.fini)

.rela.fini
 *(.rela.fini)

.rel.rodata
 *(.rel.rodata)
 *(.rel.rodata.*)
 *(.rel.gnu.linkonce.r*)

.rela.rodata
 *(.rela.rodata)
 *(.rela.rodata.*)
 *(.rela.gnu.linkonce.r*)

.rel.data
 *(.rel.data)
 *(.rel.data.*)
 *(.rel.gnu.linkonce.d*)

.rela.data
 *(.rela.data)
 *(.rela.data.*)
 *(.rela.gnu.linkonce.d*)

.rel.ctors
 *(.rel.ctors)

.rela.ctors
 *(.rela.ctors)

.rel.dtors
 *(.rel.dtors)

.rela.dtors
 *(.rela.dtors)

.rel.got
 *(.rel.got)

.rela.got
 *(.rela.got)

.rel.bss
 *(.rel.bss)

.rela.bss
 *(.rela.bss)

.rel.plt
 *(.rel.plt)

.rela.plt
 *(.rela.plt)

.text           0x00000000     0x4d92
 *(.vectors)
 .vectors       0x00000000       0x68 C:/Program Files (x86)/Atmel/Studio/7.0/Packs/atmel/ATmega_DFP/1.6.364/gcc/dev/atmega328p/avr5/crtatmega328p.o
                0x00000000                __vector_default
                0x00000000                __vectors
 *(.vectors)
 *(.progmem.gcc*)
 .progmem.gcc_fplib
                0x00000068       0x28 c:/program files (x86)/atmel/studio/7.0/toolchain/avr8/avr8-gnu-toolchain/bin/../lib/gcc/avr/5.4.0/../../../../avr/lib/avr5\libm.a(exp.o)
 .progmem.gcc_fplib
                0x00000090       0x5a c:/program files (x86)/atmel/studio/7.0/toolchain/avr8/avr8-gnu-toolchain/bin/../lib/gcc/avr/5.4.0/../../../../avr/lib/avr5\libm.a(log.o)
                0x000000ea                . = ALIGN (0x2)
                0x000000ea                __trampolines_start = .
 *(.trampolines)
 .trampolines   0x000000ea        0x0 linker stubs
 *(.trampolines*)
                0x000000ea                __trampolines_end = .
 *libprintf_flt.a:*(.progmem.data)
 *libc.a:*(.progmem.data)
 *(.progmem*)
 .progmem.data._ZZ19Calibration_Of_PumpvE3__c_0
                0x000000ea       0x19 Calibration.o
 .progmem.data._ZZ19Calibration_Of_PumpvE3__c
                0x00000103       0x19 Calibration.o
 .progmem.data._ZZ21Check_To_Turn_On_PumpvE3__c_0
                0x0000011c        0x4 Fault_And_Indication.o
 .progmem.data._ZZ21Check_To_Turn_On_PumpvE3__c
                0x00000120        0x4 Fault_And_Indication.o
 .progmem.data._ZZ14Faults_HandlervE3__c_13
                0x00000124       0x1a Fault_And_Indication.o
 .progmem.data._ZZ14Faults_HandlervE3__c_12
                0x0000013e        0xb Fault_And_Indication.o
 .progmem.data._ZZ14Faults_HandlervE3__c_11
                0x00000149        0xc Fault_And_Indication.o
 .progmem.data._ZZ14Faults_HandlervE3__c_10
                0x00000155       0x11 Fault_And_Indication.o
 .progmem.data._ZZ14Faults_HandlervE3__c_9
                0x00000166       0x11 Fault_And_Indication.o
 .progmem.data._ZZ14Faults_HandlervE3__c_8
                0x00000177       0x21 Fault_And_Indication.o
 .progmem.data._ZZ14Faults_HandlervE3__c_7
                0x00000198       0x15 Fault_And_Indication.o
 .progmem.data._ZZ14Faults_HandlervE3__c_6
                0x000001ad        0xe Fault_And_Indication.o
 .progmem.data._ZZ14Faults_HandlervE3__c_5
                0x000001bb        0xe Fault_And_Indication.o
 .progmem.data._ZZ14Faults_HandlervE3__c_4
                0x000001c9       0x10 Fault_And_Indication.o
 .progmem.data._ZZ14Faults_HandlervE3__c_3
                0x000001d9       0x11 Fault_And_Indication.o
 .progmem.data._ZZ14Faults_HandlervE3__c_2
                0x000001ea       0x15 Fault_And_Indication.o
 .progmem.data._ZZ14Faults_HandlervE3__c_1
                0x000001ff       0x10 Fault_And_Indication.o
 .progmem.data._ZZ14Faults_HandlervE3__c_0
                0x0000020f       0x17 Fault_And_Indication.o
 .progmem.data._ZZ14Faults_HandlervE3__c
                0x00000226       0x12 Fault_And_Indication.o
 .progmem.data._ZZ19Initialise_HardwarevE3__c_1
                0x00000238       0x10 Init.o
 .progmem.data._ZZ19Initialise_HardwarevE3__c_0
                0x00000248        0x5 Init.o
 .progmem.data._ZZ19Initialise_HardwarevE3__c
                0x0000024d        0x6 Init.o
 .progmem.data._ZZ8Int_LoravE3__c_3
                0x00000253       0x17 Lora_Recieved.o
 .progmem.data._ZZ8Int_LoravE3__c_2
                0x0000026a       0x14 Lora_Recieved.o
 .progmem.data._ZZ8Int_LoravE3__c_1
                0x0000027e        0xe Lora_Recieved.o
 .progmem.data._ZZ8Int_LoravE3__c_0
                0x0000028c       0x16 Lora_Recieved.o
 .progmem.data._ZZ8Int_LoravE3__c
                0x000002a2        0xd Lora_Recieved.o
 .progmem.data._ZZ21Transmit_Fault_PacketcE3__c_4
                0x000002af        0x9 Lora_Recieved.o
 .progmem.data._ZZ21Transmit_Fault_PacketcE3__c_3
                0x000002b8       0x18 Lora_Recieved.o
 .progmem.data._ZZ21Transmit_Fault_PacketcE3__c_2
                0x000002d0       0x13 Lora_Recieved.o
 .progmem.data._ZZ21Transmit_Fault_PacketcE3__c_1
                0x000002e3        0x9 Lora_Recieved.o
 .progmem.data._ZZ21Transmit_Fault_PacketcE3__c_0
                0x000002ec       0x18 Lora_Recieved.o
 .progmem.data._ZZ21Transmit_Fault_PacketcE3__c
                0x00000304       0x13 Lora_Recieved.o
 .progmem.data._ZZ20Read_Recieved_PacketvE3__c_6
                0x00000317        0xc Lora_Recieved.o
 .progmem.data._ZZ20Read_Recieved_PacketvE3__c_5
                0x00000323        0xc Lora_Recieved.o
 .progmem.data._ZZ20Read_Recieved_PacketvE3__c_4
                0x0000032f        0xc Lora_Recieved.o
 .progmem.data._ZZ20Read_Recieved_PacketvE3__c_3
                0x0000033b       0x1b Lora_Recieved.o
 .progmem.data._ZZ20Read_Recieved_PacketvE3__c_2
                0x00000356        0xb Lora_Recieved.o
 .progmem.data._ZZ20Read_Recieved_PacketvE3__c_1
                0x00000361       0x1a Lora_Recieved.o
 .progmem.data._ZZ20Read_Recieved_PacketvE3__c_0
                0x0000037b       0x16 Lora_Recieved.o
 .progmem.data._ZZ20Read_Recieved_PacketvE3__c
                0x00000391       0x14 Lora_Recieved.o
 .progmem.data._ZZ19Pump_Off_For_FaultshE3__c
                0x000003a5       0x14 Pump_Handle.o
 .progmem.data.digital_pin_to_timer_PGM
                0x000003b9       0x14 C:\Users\TUSHAR~1\DOCUME~1\GitHub\SICCA_~2\LORA_A~1.3\ARDUIN~1\ARDUIN~1\ARDUIN~1\Debug\libArduinoCore.a(wiring_digital.o)
                0x000003b9                digital_pin_to_timer_PGM
 .progmem.data.digital_pin_to_bit_mask_PGM
                0x000003cd       0x14 C:\Users\TUSHAR~1\DOCUME~1\GitHub\SICCA_~2\LORA_A~1.3\ARDUIN~1\ARDUIN~1\ARDUIN~1\Debug\libArduinoCore.a(wiring_digital.o)
                0x000003cd                digital_pin_to_bit_mask_PGM
 .progmem.data.digital_pin_to_port_PGM
                0x000003e1       0x14 C:\Users\TUSHAR~1\DOCUME~1\GitHub\SICCA_~2\LORA_A~1.3\ARDUIN~1\ARDUIN~1\ARDUIN~1\Debug\libArduinoCore.a(wiring_digital.o)
                0x000003e1                digital_pin_to_port_PGM
 .progmem.data.port_to_input_PGM
                0x000003f5        0xa C:\Users\TUSHAR~1\DOCUME~1\GitHub\SICCA_~2\LORA_A~1.3\ARDUIN~1\ARDUIN~1\ARDUIN~1\Debug\libArduinoCore.a(wiring_digital.o)
                0x000003f5                port_to_input_PGM
 .progmem.data.port_to_output_PGM
                0x000003ff        0xa C:\Users\TUSHAR~1\DOCUME~1\GitHub\SICCA_~2\LORA_A~1.3\ARDUIN~1\ARDUIN~1\ARDUIN~1\Debug\libArduinoCore.a(wiring_digital.o)
                0x000003ff                port_to_output_PGM
 .progmem.data.port_to_mode_PGM
                0x00000409        0xa C:\Users\TUSHAR~1\DOCUME~1\GitHub\SICCA_~2\LORA_A~1.3\ARDUIN~1\ARDUIN~1\ARDUIN~1\Debug\libArduinoCore.a(wiring_digital.o)
                0x00000409                port_to_mode_PGM
 .progmem.data._ZL18MODEM_CONFIG_TABLE
                0x00000413        0xf C:\Users\TUSHAR~1\DOCUME~1\GitHub\SICCA_~2\LORA_A~1.3\ARDUIN~1\ARDUIN~1\ARDUIN~1\Debug\libArduinoCore.a(RH_RF95.o)
                0x00000422                . = ALIGN (0x2)
 *(.jumptables)
 *(.jumptables*)
 *(.lowtext)
 *(.lowtext*)
                0x00000422                __ctors_start = .
 *(.ctors)
 .ctors         0x00000422        0x2 Lora_Recieved.o
 .ctors         0x00000424        0x2 Sketch.o
 .ctors         0x00000426        0x2 C:\Users\TUSHAR~1\DOCUME~1\GitHub\SICCA_~2\LORA_A~1.3\ARDUIN~1\ARDUIN~1\ARDUIN~1\Debug\libArduinoCore.a(HardwareSerial0.o)
 .ctors         0x00000428        0x2 C:\Users\TUSHAR~1\DOCUME~1\GitHub\SICCA_~2\LORA_A~1.3\ARDUIN~1\ARDUIN~1\ARDUIN~1\Debug\libArduinoCore.a(RHHardwareSPI.o)
                0x0000042a                __ctors_end = .
                0x0000042a                __dtors_start = .
 *(.dtors)
                0x0000042a                __dtors_end = .
 SORT(*)(.ctors)
 SORT(*)(.dtors)
 *(.init0)
 .init0         0x0000042a        0x0 C:/Program Files (x86)/Atmel/Studio/7.0/Packs/atmel/ATmega_DFP/1.6.364/gcc/dev/atmega328p/avr5/crtatmega328p.o
                0x0000042a                __init
 *(.init0)
 *(.init1)
 *(.init1)
 *(.init2)
 .init2         0x0000042a        0xc C:/Program Files (x86)/Atmel/Studio/7.0/Packs/atmel/ATmega_DFP/1.6.364/gcc/dev/atmega328p/avr5/crtatmega328p.o
 *(.init2)
 *(.init3)
 *(.init3)
 *(.init4)
 .init4         0x00000436       0x16 c:/program files (x86)/atmel/studio/7.0/toolchain/avr8/avr8-gnu-toolchain/bin/../lib/gcc/avr/5.4.0/avr5\libgcc.a(_copy_data.o)
                0x00000436                __do_copy_data
 .init4         0x0000044c       0x10 c:/program files (x86)/atmel/studio/7.0/toolchain/avr8/avr8-gnu-toolchain/bin/../lib/gcc/avr/5.4.0/avr5\libgcc.a(_clear_bss.o)
                0x0000044c                __do_clear_bss
 *(.init4)
 *(.init5)
 *(.init5)
 *(.init6)
 .init6         0x0000045c       0x16 c:/program files (x86)/atmel/studio/7.0/toolchain/avr8/avr8-gnu-toolchain/bin/../lib/gcc/avr/5.4.0/avr5\libgcc.a(_ctors.o)
                0x0000045c                __do_global_ctors
 *(.init6)
 *(.init7)
 *(.init7)
 *(.init8)
 *(.init8)
 *(.init9)
 .init9         0x00000472        0x8 C:/Program Files (x86)/Atmel/Studio/7.0/Packs/atmel/ATmega_DFP/1.6.364/gcc/dev/atmega328p/avr5/crtatmega328p.o
 *(.init9)
 *(.text)
 .text          0x0000047a        0x4 C:/Program Files (x86)/Atmel/Studio/7.0/Packs/atmel/ATmega_DFP/1.6.364/gcc/dev/atmega328p/avr5/crtatmega328p.o
                0x0000047a                __vector_22
                0x0000047a                __vector_24
                0x0000047a                __vector_12
                0x0000047a                __bad_interrupt
                0x0000047a                __vector_6
                0x0000047a                __vector_3
                0x0000047a                __vector_25
                0x0000047a                __vector_11
                0x0000047a                __vector_13
                0x0000047a                __vector_17
                0x0000047a                __vector_5
                0x0000047a                __vector_4
                0x0000047a                __vector_9
                0x0000047a                __vector_21
                0x0000047a                __vector_15
                0x0000047a                __vector_8
                0x0000047a                __vector_14
                0x0000047a                __vector_10
                0x0000047a                __vector_20
                0x0000047e                . = ALIGN (0x2)
 *(.text.*)
 .text.__vector_23
                0x0000047e       0x4e analogComp.o
                0x0000047e                __vector_23
 .text._ZN5EERef6updateEh
                0x000004cc       0x32 Calibration.o
                0x000004cc                _ZN5EERef6updateEh
 .text._Z19Calibration_Of_Pumpv
                0x000004fe      0x20a Calibration.o
                0x000004fe                _Z19Calibration_Of_Pumpv
 .text._Z17Update_Indicationv
                0x00000708       0xaa Fault_And_Indication.o
                0x00000708                _Z17Update_Indicationv
 .text._Z17Auto_Manual_Checkv
                0x000007b2       0x12 Fault_And_Indication.o
                0x000007b2                _Z17Auto_Manual_Checkv
 .text._Z14Faults_Handlerv
                0x000007c4      0x776 Fault_And_Indication.o
                0x000007c4                _Z14Faults_Handlerv
 .text._Z21Check_To_Turn_On_Pumpv
                0x00000f3a       0x72 Fault_And_Indication.o
                0x00000f3a                _Z21Check_To_Turn_On_Pumpv
 .text.__vector_7
                0x00000fac      0x16a Init.o
                0x00000fac                __vector_7
 .text._Z13Timer_Settingv
                0x00001116       0x34 Init.o
                0x00001116                _Z13Timer_Settingv
 .text._Z11Read_EEPROMv
                0x0000114a       0x3a Init.o
                0x0000114a                _Z11Read_EEPROMv
 .text._Z19Initialise_Hardwarev
                0x00001184       0xf0 Init.o
                0x00001184                _Z19Initialise_Hardwarev
 .text._Z21Transmit_Fault_Packetc
                0x00001274      0x3b8 Lora_Recieved.o
                0x00001274                _Z21Transmit_Fault_Packetc
 .text._Z8Int_Lorav
                0x0000162c       0xa2 Lora_Recieved.o
                0x0000162c                _Z8Int_Lorav
 .text.startup._GLOBAL__sub_I_rf95
                0x000016ce       0x10 Lora_Recieved.o
 .text._Z20Read_Recieved_Packetv
                0x000016de      0x2de Lora_Recieved.o
                0x000016de                _Z20Read_Recieved_Packetv
 .text._Z7Pump_Onh
                0x000019bc       0x6e Pump_Handle.o
                0x000019bc                _Z7Pump_Onh
 .text._Z8Pump_Offh
                0x00001a2a       0x30 Pump_Handle.o
                0x00001a2a                _Z8Pump_Offh
 .text._Z19Pump_Off_For_Faultsh
                0x00001a5a       0x60 Pump_Handle.o
                0x00001a5a                _Z19Pump_Off_For_Faultsh
 .text.setup    0x00001aba       0xa6 Sketch.o
                0x00001aba                setup
 .text._Z11Print_Phasev
                0x00001b60       0x56 Sketch.o
                0x00001b60                _Z11Print_Phasev
 .text.loop     0x00001bb6       0x34 Sketch.o
                0x00001bb6                loop
 .text._Z16B_Check_Equitionj
                0x00001bea       0x2c Sketch.o
                0x00001bea                _Z16B_Check_Equitionj
 .text._Z33Interrupt_Analyse_Read_Phases_Newv
                0x00001c16      0x2e2 Sketch.o
                0x00001c16                _Z33Interrupt_Analyse_Read_Phases_Newv
 .text.startup._GLOBAL__sub_I_readRms
                0x00001ef8       0x1a Sketch.o
 .text._ZN3Rms5beginEfhhbb
                0x00001f12       0xe8 TrueRMS.o
                0x00001f12                _ZN3Rms5beginEfhhbb
 .text._ZN3Rms5startEv
                0x00001ffa        0xa TrueRMS.o
                0x00001ffa                _ZN3Rms5startEv
 .text.avr-libc.fplib
                0x00002004        0xe c:/program files (x86)/atmel/studio/7.0/toolchain/avr8/avr8-gnu-toolchain/bin/../lib/gcc/avr/5.4.0/../../../../avr/lib/avr5\libm.a(addsf3.o)
                0x00002004                __subsf3
                0x00002006                __addsf3
 .text.avr-libc.fplib
                0x00002012       0xcc c:/program files (x86)/atmel/studio/7.0/toolchain/avr8/avr8-gnu-toolchain/bin/../lib/gcc/avr/5.4.0/../../../../avr/lib/avr5\libm.a(addsf3x.o)
                0x00002034                __addsf3x
 .text.avr-libc.fplib
                0x000020de        0xa c:/program files (x86)/atmel/studio/7.0/toolchain/avr8/avr8-gnu-toolchain/bin/../lib/gcc/avr/5.4.0/../../../../avr/lib/avr5\libm.a(cmpsf2.o)
                0x000020de                __nesf2
                0x000020de                __eqsf2
                0x000020de                __cmpsf2
                0x000020de                __ltsf2
                0x000020de                __lesf2
 .text.avr-libc.fplib
                0x000020e8        0x8 c:/program files (x86)/atmel/studio/7.0/toolchain/avr8/avr8-gnu-toolchain/bin/../lib/gcc/avr/5.4.0/../../../../avr/lib/avr5\libm.a(divsf3.o)
                0x000020e8                __divsf3
 .text.avr-libc.fplib
                0x000020f0       0xdc c:/program files (x86)/atmel/studio/7.0/toolchain/avr8/avr8-gnu-toolchain/bin/../lib/gcc/avr/5.4.0/../../../../avr/lib/avr5\libm.a(divsf3x.o)
                0x00002110                __divsf3x
                0x00002116                __divsf3_pse
 .text.avr-libc.fplib
                0x000021cc        0xe c:/program files (x86)/atmel/studio/7.0/toolchain/avr8/avr8-gnu-toolchain/bin/../lib/gcc/avr/5.4.0/../../../../avr/lib/avr5\libm.a(fixsfsi.o)
                0x000021cc                __fixsfsi
 .text.avr-libc.fplib
                0x000021da       0x5e c:/program files (x86)/atmel/studio/7.0/toolchain/avr8/avr8-gnu-toolchain/bin/../lib/gcc/avr/5.4.0/../../../../avr/lib/avr5\libm.a(fixunssfsi.o)
                0x000021da                __fixunssfsi
 .text.avr-libc.fplib
                0x00002238       0x7a c:/program files (x86)/atmel/studio/7.0/toolchain/avr8/avr8-gnu-toolchain/bin/../lib/gcc/avr/5.4.0/../../../../avr/lib/avr5\libm.a(floatsisf.o)
                0x00002238                __floatunsisf
                0x0000223c                __floatsisf
 .text.avr-libc.fplib
                0x000022b2       0x48 c:/program files (x86)/atmel/studio/7.0/toolchain/avr8/avr8-gnu-toolchain/bin/../lib/gcc/avr/5.4.0/../../../../avr/lib/avr5\libm.a(fp_cmp.o)
                0x000022b2                __fp_cmp
 .text.avr-libc.fplib
                0x000022fa        0xc c:/program files (x86)/atmel/studio/7.0/toolchain/avr8/avr8-gnu-toolchain/bin/../lib/gcc/avr/5.4.0/../../../../avr/lib/avr5\libm.a(fp_inf.o)
                0x000022fa                __fp_inf
 .text.avr-libc.fplib
                0x00002306        0x6 c:/program files (x86)/atmel/studio/7.0/toolchain/avr8/avr8-gnu-toolchain/bin/../lib/gcc/avr/5.4.0/../../../../avr/lib/avr5\libm.a(fp_nan.o)
                0x00002306                __fp_nan
 .text.avr-libc.fplib
                0x0000230c        0xe c:/program files (x86)/atmel/studio/7.0/toolchain/avr8/avr8-gnu-toolchain/bin/../lib/gcc/avr/5.4.0/../../../../avr/lib/avr5\libm.a(fp_pscA.o)
                0x0000230c                __fp_pscA
 .text.avr-libc.fplib
                0x0000231a        0xe c:/program files (x86)/atmel/studio/7.0/toolchain/avr8/avr8-gnu-toolchain/bin/../lib/gcc/avr/5.4.0/../../../../avr/lib/avr5\libm.a(fp_pscB.o)
                0x0000231a                __fp_pscB
 .text.avr-libc.fplib
                0x00002328       0x22 c:/program files (x86)/atmel/studio/7.0/toolchain/avr8/avr8-gnu-toolchain/bin/../lib/gcc/avr/5.4.0/../../../../avr/lib/avr5\libm.a(fp_round.o)
                0x00002328                __fp_round
 .text.avr-libc.fplib
                0x0000234a       0x44 c:/program files (x86)/atmel/studio/7.0/toolchain/avr8/avr8-gnu-toolchain/bin/../lib/gcc/avr/5.4.0/../../../../avr/lib/avr5\libm.a(fp_split3.o)
                0x0000234a                __fp_split3
                0x0000235a                __fp_splitA
 .text.avr-libc.fplib
                0x0000238e        0xe c:/program files (x86)/atmel/studio/7.0/toolchain/avr8/avr8-gnu-toolchain/bin/../lib/gcc/avr/5.4.0/../../../../avr/lib/avr5\libm.a(fp_zero.o)
                0x0000238e                __fp_zero
                0x00002390                __fp_szero
 .text.avr-libc.fplib
                0x0000239c        0xa c:/program files (x86)/atmel/studio/7.0/toolchain/avr8/avr8-gnu-toolchain/bin/../lib/gcc/avr/5.4.0/../../../../avr/lib/avr5\libm.a(gesf2.o)
                0x0000239c                __gesf2
                0x0000239c                __gtsf2
 .text.avr-libc.fplib
                0x000023a6        0x8 c:/program files (x86)/atmel/studio/7.0/toolchain/avr8/avr8-gnu-toolchain/bin/../lib/gcc/avr/5.4.0/../../../../avr/lib/avr5\libm.a(mulsf3.o)
                0x000023a6                __mulsf3
 .text.avr-libc.fplib
                0x000023ae       0xd2 c:/program files (x86)/atmel/studio/7.0/toolchain/avr8/avr8-gnu-toolchain/bin/../lib/gcc/avr/5.4.0/../../../../avr/lib/avr5\libm.a(mulsf3x.o)
                0x000023cc                __mulsf3x
                0x000023d2                __mulsf3_pse
 .text.avr-libc.fplib
                0x00002480       0xa0 c:/program files (x86)/atmel/studio/7.0/toolchain/avr8/avr8-gnu-toolchain/bin/../lib/gcc/avr/5.4.0/../../../../avr/lib/avr5\libm.a(pow.o)
                0x00002480                pow
 .text.avr-libc.fplib
                0x00002520       0x8c c:/program files (x86)/atmel/studio/7.0/toolchain/avr8/avr8-gnu-toolchain/bin/../lib/gcc/avr/5.4.0/../../../../avr/lib/avr5\libm.a(sqrt.o)
                0x0000252c                sqrtf
                0x0000252c                sqrt
 .text.avr-libc.fplib
                0x000025ac       0x74 c:/program files (x86)/atmel/studio/7.0/toolchain/avr8/avr8-gnu-toolchain/bin/../lib/gcc/avr/5.4.0/../../../../avr/lib/avr5\libm.a(exp.o)
                0x000025bc                exp
 .text.avr-libc.fplib
                0x00002620       0x1c c:/program files (x86)/atmel/studio/7.0/toolchain/avr8/avr8-gnu-toolchain/bin/../lib/gcc/avr/5.4.0/../../../../avr/lib/avr5\libm.a(fp_mpack.o)
                0x00002620                __fp_mpack
                0x00002624                __fp_mpack_finite
 .text.avr-libc.fplib
                0x0000263c        0xe c:/program files (x86)/atmel/studio/7.0/toolchain/avr8/avr8-gnu-toolchain/bin/../lib/gcc/avr/5.4.0/../../../../avr/lib/avr5\libm.a(fp_norm2.o)
                0x0000263c                __fp_norm2
 .text.avr-libc.fplib
                0x0000264a       0x4e c:/program files (x86)/atmel/studio/7.0/toolchain/avr8/avr8-gnu-toolchain/bin/../lib/gcc/avr/5.4.0/../../../../avr/lib/avr5\libm.a(fp_powser.o)
                0x0000264a                __fp_powser
 .text.avr-libc.fplib
                0x00002698       0x10 c:/program files (x86)/atmel/studio/7.0/toolchain/avr8/avr8-gnu-toolchain/bin/../lib/gcc/avr/5.4.0/../../../../avr/lib/avr5\libm.a(inverse.o)
                0x00002698                inverse
 .text.avr-libc.fplib
                0x000026a8       0x74 c:/program files (x86)/atmel/studio/7.0/toolchain/avr8/avr8-gnu-toolchain/bin/../lib/gcc/avr/5.4.0/../../../../avr/lib/avr5\libm.a(ldexp.o)
                0x000026b0                ldexp
 .text.avr-libc.fplib
                0x0000271c       0xa0 c:/program files (x86)/atmel/studio/7.0/toolchain/avr8/avr8-gnu-toolchain/bin/../lib/gcc/avr/5.4.0/../../../../avr/lib/avr5\libm.a(log.o)
                0x0000272c                log
 .text.avr-libc.fplib
                0x000027bc       0x68 c:/program files (x86)/atmel/studio/7.0/toolchain/avr8/avr8-gnu-toolchain/bin/../lib/gcc/avr/5.4.0/../../../../avr/lib/avr5\libm.a(modf.o)
                0x000027bc                modf
                0x000027bc                modff
 .text._ZN14HardwareSerial9availableEv
                0x00002824       0x18 C:\Users\TUSHAR~1\DOCUME~1\GitHub\SICCA_~2\LORA_A~1.3\ARDUIN~1\ARDUIN~1\ARDUIN~1\Debug\libArduinoCore.a(HardwareSerial.o)
                0x00002824                _ZN14HardwareSerial9availableEv
 .text._ZN14HardwareSerial4peekEv
                0x0000283c       0x1c C:\Users\TUSHAR~1\DOCUME~1\GitHub\SICCA_~2\LORA_A~1.3\ARDUIN~1\ARDUIN~1\ARDUIN~1\Debug\libArduinoCore.a(HardwareSerial.o)
                0x0000283c                _ZN14HardwareSerial4peekEv
 .text._ZN14HardwareSerial4readEv
                0x00002858       0x28 C:\Users\TUSHAR~1\DOCUME~1\GitHub\SICCA_~2\LORA_A~1.3\ARDUIN~1\ARDUIN~1\ARDUIN~1\Debug\libArduinoCore.a(HardwareSerial.o)
                0x00002858                _ZN14HardwareSerial4readEv
 .text._ZN14HardwareSerial17availableForWriteEv
                0x00002880       0x1e C:\Users\TUSHAR~1\DOCUME~1\GitHub\SICCA_~2\LORA_A~1.3\ARDUIN~1\ARDUIN~1\ARDUIN~1\Debug\libArduinoCore.a(HardwareSerial.o)
                0x00002880                _ZN14HardwareSerial17availableForWriteEv
 .text._Z14serialEventRunv
                0x0000289e       0x1c C:\Users\TUSHAR~1\DOCUME~1\GitHub\SICCA_~2\LORA_A~1.3\ARDUIN~1\ARDUIN~1\ARDUIN~1\Debug\libArduinoCore.a(HardwareSerial.o)
                0x0000289e                _Z14serialEventRunv
 .text._ZN14HardwareSerial17_tx_udr_empty_irqEv
                0x000028ba       0x44 C:\Users\TUSHAR~1\DOCUME~1\GitHub\SICCA_~2\LORA_A~1.3\ARDUIN~1\ARDUIN~1\ARDUIN~1\Debug\libArduinoCore.a(HardwareSerial.o)
                0x000028ba                _ZN14HardwareSerial17_tx_udr_empty_irqEv
 .text._ZN14HardwareSerial5writeEh
                0x000028fe       0x9a C:\Users\TUSHAR~1\DOCUME~1\GitHub\SICCA_~2\LORA_A~1.3\ARDUIN~1\ARDUIN~1\ARDUIN~1\Debug\libArduinoCore.a(HardwareSerial.o)
                0x000028fe                _ZN14HardwareSerial5writeEh
 .text._ZN14HardwareSerial5flushEv
                0x00002998       0x44 C:\Users\TUSHAR~1\DOCUME~1\GitHub\SICCA_~2\LORA_A~1.3\ARDUIN~1\ARDUIN~1\ARDUIN~1\Debug\libArduinoCore.a(HardwareSerial.o)
                0x00002998                _ZN14HardwareSerial5flushEv
 .text._ZN14HardwareSerial5beginEmh
                0x000029dc       0xc0 C:\Users\TUSHAR~1\DOCUME~1\GitHub\SICCA_~2\LORA_A~1.3\ARDUIN~1\ARDUIN~1\ARDUIN~1\Debug\libArduinoCore.a(HardwareSerial.o)
                0x000029dc                _ZN14HardwareSerial5beginEmh
 .text.__vector_18
                0x00002a9c       0x64 C:\Users\TUSHAR~1\DOCUME~1\GitHub\SICCA_~2\LORA_A~1.3\ARDUIN~1\ARDUIN~1\ARDUIN~1\Debug\libArduinoCore.a(HardwareSerial0.o)
                0x00002a9c                __vector_18
 .text.__vector_19
                0x00002b00       0x4c C:\Users\TUSHAR~1\DOCUME~1\GitHub\SICCA_~2\LORA_A~1.3\ARDUIN~1\ARDUIN~1\ARDUIN~1\Debug\libArduinoCore.a(HardwareSerial0.o)
                0x00002b00                __vector_19
 .text._Z17Serial0_availablev
                0x00002b4c       0x14 C:\Users\TUSHAR~1\DOCUME~1\GitHub\SICCA_~2\LORA_A~1.3\ARDUIN~1\ARDUIN~1\ARDUIN~1\Debug\libArduinoCore.a(HardwareSerial0.o)
                0x00002b4c                _Z17Serial0_availablev
 .text.startup._GLOBAL__sub_I___vector_18
                0x00002b60       0x5a C:\Users\TUSHAR~1\DOCUME~1\GitHub\SICCA_~2\LORA_A~1.3\ARDUIN~1\ARDUIN~1\ARDUIN~1\Debug\libArduinoCore.a(HardwareSerial0.o)
 .text.initVariant
                0x00002bba        0x2 C:\Users\TUSHAR~1\DOCUME~1\GitHub\SICCA_~2\LORA_A~1.3\ARDUIN~1\ARDUIN~1\ARDUIN~1\Debug\libArduinoCore.a(main.o)
                0x00002bba                initVariant
 .text.startup.main
                0x00002bbc       0x1e C:\Users\TUSHAR~1\DOCUME~1\GitHub\SICCA_~2\LORA_A~1.3\ARDUIN~1\ARDUIN~1\ARDUIN~1\Debug\libArduinoCore.a(main.o)
                0x00002bbc                main
 .text._ZN5Print5writeEPKhj
                0x00002bda       0x54 C:\Users\TUSHAR~1\DOCUME~1\GitHub\SICCA_~2\LORA_A~1.3\ARDUIN~1\ARDUIN~1\ARDUIN~1\Debug\libArduinoCore.a(Print.o)
                0x00002bda                _ZN5Print5writeEPKhj
 .text._ZN5Print5writeEPKc
                0x00002c2e       0x2a C:\Users\TUSHAR~1\DOCUME~1\GitHub\SICCA_~2\LORA_A~1.3\ARDUIN~1\ARDUIN~1\ARDUIN~1\Debug\libArduinoCore.a(Print.o)
                0x00002c2e                _ZN5Print5writeEPKc
 .text._ZN5Print5printEPK19__FlashStringHelper
                0x00002c58       0x48 C:\Users\TUSHAR~1\DOCUME~1\GitHub\SICCA_~2\LORA_A~1.3\ARDUIN~1\ARDUIN~1\ARDUIN~1\Debug\libArduinoCore.a(Print.o)
                0x00002c58                _ZN5Print5printEPK19__FlashStringHelper
 .text._ZN5Print5printEPKc
                0x00002ca0        0x4 C:\Users\TUSHAR~1\DOCUME~1\GitHub\SICCA_~2\LORA_A~1.3\ARDUIN~1\ARDUIN~1\ARDUIN~1\Debug\libArduinoCore.a(Print.o)
                0x00002ca0                _ZN5Print5printEPKc
 .text._ZN5Print5printEc
                0x00002ca4        0xe C:\Users\TUSHAR~1\DOCUME~1\GitHub\SICCA_~2\LORA_A~1.3\ARDUIN~1\ARDUIN~1\ARDUIN~1\Debug\libArduinoCore.a(Print.o)
                0x00002ca4                _ZN5Print5printEc
 .text._ZN5Print7printlnEv
                0x00002cb2        0x8 C:\Users\TUSHAR~1\DOCUME~1\GitHub\SICCA_~2\LORA_A~1.3\ARDUIN~1\ARDUIN~1\ARDUIN~1\Debug\libArduinoCore.a(Print.o)
                0x00002cb2                _ZN5Print7printlnEv
 .text._ZN5Print7printlnEPK19__FlashStringHelper
                0x00002cba       0x24 C:\Users\TUSHAR~1\DOCUME~1\GitHub\SICCA_~2\LORA_A~1.3\ARDUIN~1\ARDUIN~1\ARDUIN~1\Debug\libArduinoCore.a(Print.o)
                0x00002cba                _ZN5Print7printlnEPK19__FlashStringHelper
 .text._ZN5Print7printlnEPKc
                0x00002cde       0x24 C:\Users\TUSHAR~1\DOCUME~1\GitHub\SICCA_~2\LORA_A~1.3\ARDUIN~1\ARDUIN~1\ARDUIN~1\Debug\libArduinoCore.a(Print.o)
                0x00002cde                _ZN5Print7printlnEPKc
 .text._ZN5Print11printNumberEmh
                0x00002d02       0x92 C:\Users\TUSHAR~1\DOCUME~1\GitHub\SICCA_~2\LORA_A~1.3\ARDUIN~1\ARDUIN~1\ARDUIN~1\Debug\libArduinoCore.a(Print.o)
                0x00002d02                _ZN5Print11printNumberEmh
 .text._ZN5Print5printEmi
                0x00002d94       0x1a C:\Users\TUSHAR~1\DOCUME~1\GitHub\SICCA_~2\LORA_A~1.3\ARDUIN~1\ARDUIN~1\ARDUIN~1\Debug\libArduinoCore.a(Print.o)
                0x00002d94                _ZN5Print5printEmi
 .text._ZN5Print5printEhi
                0x00002dae        0xe C:\Users\TUSHAR~1\DOCUME~1\GitHub\SICCA_~2\LORA_A~1.3\ARDUIN~1\ARDUIN~1\ARDUIN~1\Debug\libArduinoCore.a(Print.o)
                0x00002dae                _ZN5Print5printEhi
 .text._ZN5Print7printlnEhi
                0x00002dbc       0x24 C:\Users\TUSHAR~1\DOCUME~1\GitHub\SICCA_~2\LORA_A~1.3\ARDUIN~1\ARDUIN~1\ARDUIN~1\Debug\libArduinoCore.a(Print.o)
                0x00002dbc                _ZN5Print7printlnEhi
 .text._ZN5Print5printEji
                0x00002de0        0xc C:\Users\TUSHAR~1\DOCUME~1\GitHub\SICCA_~2\LORA_A~1.3\ARDUIN~1\ARDUIN~1\ARDUIN~1\Debug\libArduinoCore.a(Print.o)
                0x00002de0                _ZN5Print5printEji
 .text._ZN5Print7printlnEji
                0x00002dec       0x24 C:\Users\TUSHAR~1\DOCUME~1\GitHub\SICCA_~2\LORA_A~1.3\ARDUIN~1\ARDUIN~1\ARDUIN~1\Debug\libArduinoCore.a(Print.o)
                0x00002dec                _ZN5Print7printlnEji
 .text._ZN5Print5printEli
                0x00002e10       0x90 C:\Users\TUSHAR~1\DOCUME~1\GitHub\SICCA_~2\LORA_A~1.3\ARDUIN~1\ARDUIN~1\ARDUIN~1\Debug\libArduinoCore.a(Print.o)
                0x00002e10                _ZN5Print5printEli
 .text._ZN5Print5printEii
                0x00002ea0        0xe C:\Users\TUSHAR~1\DOCUME~1\GitHub\SICCA_~2\LORA_A~1.3\ARDUIN~1\ARDUIN~1\ARDUIN~1\Debug\libArduinoCore.a(Print.o)
                0x00002ea0                _ZN5Print5printEii
 .text._ZN5Print7printlnEii
                0x00002eae       0x24 C:\Users\TUSHAR~1\DOCUME~1\GitHub\SICCA_~2\LORA_A~1.3\ARDUIN~1\ARDUIN~1\ARDUIN~1\Debug\libArduinoCore.a(Print.o)
                0x00002eae                _ZN5Print7printlnEii
 .text._ZN5Print10printFloatEdh
                0x00002ed2      0x1b6 C:\Users\TUSHAR~1\DOCUME~1\GitHub\SICCA_~2\LORA_A~1.3\ARDUIN~1\ARDUIN~1\ARDUIN~1\Debug\libArduinoCore.a(Print.o)
                0x00002ed2                _ZN5Print10printFloatEdh
 .text._ZN5Print7printlnEdi
                0x00003088       0x24 C:\Users\TUSHAR~1\DOCUME~1\GitHub\SICCA_~2\LORA_A~1.3\ARDUIN~1\ARDUIN~1\ARDUIN~1\Debug\libArduinoCore.a(Print.o)
                0x00003088                _ZN5Print7printlnEdi
 .text.__vector_16
                0x000030ac       0x94 C:\Users\TUSHAR~1\DOCUME~1\GitHub\SICCA_~2\LORA_A~1.3\ARDUIN~1\ARDUIN~1\ARDUIN~1\Debug\libArduinoCore.a(wiring.o)
                0x000030ac                __vector_16
 .text.millis   0x00003140       0x18 C:\Users\TUSHAR~1\DOCUME~1\GitHub\SICCA_~2\LORA_A~1.3\ARDUIN~1\ARDUIN~1\ARDUIN~1\Debug\libArduinoCore.a(wiring.o)
                0x00003140                millis
 .text.micros   0x00003158       0x4a C:\Users\TUSHAR~1\DOCUME~1\GitHub\SICCA_~2\LORA_A~1.3\ARDUIN~1\ARDUIN~1\ARDUIN~1\Debug\libArduinoCore.a(wiring.o)
                0x00003158                micros
 .text.delay    0x000031a2       0x78 C:\Users\TUSHAR~1\DOCUME~1\GitHub\SICCA_~2\LORA_A~1.3\ARDUIN~1\ARDUIN~1\ARDUIN~1\Debug\libArduinoCore.a(wiring.o)
                0x000031a2                delay
 .text.init     0x0000321a       0x76 C:\Users\TUSHAR~1\DOCUME~1\GitHub\SICCA_~2\LORA_A~1.3\ARDUIN~1\ARDUIN~1\ARDUIN~1\Debug\libArduinoCore.a(wiring.o)
                0x0000321a                init
 .text.analogReference
                0x00003290        0x6 C:\Users\TUSHAR~1\DOCUME~1\GitHub\SICCA_~2\LORA_A~1.3\ARDUIN~1\ARDUIN~1\ARDUIN~1\Debug\libArduinoCore.a(wiring_analog.o)
                0x00003290                analogReference
 .text.analogRead
                0x00003296       0x3a C:\Users\TUSHAR~1\DOCUME~1\GitHub\SICCA_~2\LORA_A~1.3\ARDUIN~1\ARDUIN~1\ARDUIN~1\Debug\libArduinoCore.a(wiring_analog.o)
                0x00003296                analogRead
 .text.turnOffPWM
                0x000032d0       0x52 C:\Users\TUSHAR~1\DOCUME~1\GitHub\SICCA_~2\LORA_A~1.3\ARDUIN~1\ARDUIN~1\ARDUIN~1\Debug\libArduinoCore.a(wiring_digital.o)
 .text.pinMode  0x00003322       0x78 C:\Users\TUSHAR~1\DOCUME~1\GitHub\SICCA_~2\LORA_A~1.3\ARDUIN~1\ARDUIN~1\ARDUIN~1\Debug\libArduinoCore.a(wiring_digital.o)
                0x00003322                pinMode
 .text.digitalWrite
                0x0000339a       0x5e C:\Users\TUSHAR~1\DOCUME~1\GitHub\SICCA_~2\LORA_A~1.3\ARDUIN~1\ARDUIN~1\ARDUIN~1\Debug\libArduinoCore.a(wiring_digital.o)
                0x0000339a                digitalWrite
 .text.digitalRead
                0x000033f8       0x52 C:\Users\TUSHAR~1\DOCUME~1\GitHub\SICCA_~2\LORA_A~1.3\ARDUIN~1\ARDUIN~1\ARDUIN~1\Debug\libArduinoCore.a(wiring_digital.o)
                0x000033f8                digitalRead
 .text._ZN13EnergyMonitor7currentEjd
                0x0000344a       0x20 C:\Users\TUSHAR~1\DOCUME~1\GitHub\SICCA_~2\LORA_A~1.3\ARDUIN~1\ARDUIN~1\ARDUIN~1\Debug\libArduinoCore.a(EmonLib.o)
                0x0000344a                _ZN13EnergyMonitor7currentEjd
 .text._ZN13EnergyMonitor7readVccEv
                0x0000346a       0x52 C:\Users\TUSHAR~1\DOCUME~1\GitHub\SICCA_~2\LORA_A~1.3\ARDUIN~1\ARDUIN~1\ARDUIN~1\Debug\libArduinoCore.a(EmonLib.o)
                0x0000346a                _ZN13EnergyMonitor7readVccEv
 .text._ZN13EnergyMonitor8calcIrmsEj
                0x000034bc      0x1b0 C:\Users\TUSHAR~1\DOCUME~1\GitHub\SICCA_~2\LORA_A~1.3\ARDUIN~1\ARDUIN~1\ARDUIN~1\Debug\libArduinoCore.a(EmonLib.o)
                0x000034bc                _ZN13EnergyMonitor8calcIrmsEj
 .text._ZN15RHGenericDriver4initEv
                0x0000366c        0x4 C:\Users\TUSHAR~1\DOCUME~1\GitHub\SICCA_~2\LORA_A~1.3\ARDUIN~1\ARDUIN~1\ARDUIN~1\Debug\libArduinoCore.a(RHGenericDriver.o)
                0x0000366c                _ZN15RHGenericDriver4initEv
 .text._ZN15RHGenericDriver14setPromiscuousEb
                0x00003670        0x6 C:\Users\TUSHAR~1\DOCUME~1\GitHub\SICCA_~2\LORA_A~1.3\ARDUIN~1\ARDUIN~1\ARDUIN~1\Debug\libArduinoCore.a(RHGenericDriver.o)
                0x00003670                _ZN15RHGenericDriver14setPromiscuousEb
 .text._ZN15RHGenericDriver14setThisAddressEh
                0x00003676        0x6 C:\Users\TUSHAR~1\DOCUME~1\GitHub\SICCA_~2\LORA_A~1.3\ARDUIN~1\ARDUIN~1\ARDUIN~1\Debug\libArduinoCore.a(RHGenericDriver.o)
                0x00003676                _ZN15RHGenericDriver14setThisAddressEh
 .text._ZN15RHGenericDriver11setHeaderToEh
                0x0000367c        0x6 C:\Users\TUSHAR~1\DOCUME~1\GitHub\SICCA_~2\LORA_A~1.3\ARDUIN~1\ARDUIN~1\ARDUIN~1\Debug\libArduinoCore.a(RHGenericDriver.o)
                0x0000367c                _ZN15RHGenericDriver11setHeaderToEh
 .text._ZN15RHGenericDriver13setHeaderFromEh
                0x00003682        0x6 C:\Users\TUSHAR~1\DOCUME~1\GitHub\SICCA_~2\LORA_A~1.3\ARDUIN~1\ARDUIN~1\ARDUIN~1\Debug\libArduinoCore.a(RHGenericDriver.o)
                0x00003682                _ZN15RHGenericDriver13setHeaderFromEh
 .text._ZN15RHGenericDriver11setHeaderIdEh
                0x00003688        0x6 C:\Users\TUSHAR~1\DOCUME~1\GitHub\SICCA_~2\LORA_A~1.3\ARDUIN~1\ARDUIN~1\ARDUIN~1\Debug\libArduinoCore.a(RHGenericDriver.o)
                0x00003688                _ZN15RHGenericDriver11setHeaderIdEh
 .text._ZN15RHGenericDriver14setHeaderFlagsEhh
                0x0000368e        0xe C:\Users\TUSHAR~1\DOCUME~1\GitHub\SICCA_~2\LORA_A~1.3\ARDUIN~1\ARDUIN~1\ARDUIN~1\Debug\libArduinoCore.a(RHGenericDriver.o)
                0x0000368e                _ZN15RHGenericDriver14setHeaderFlagsEhh
 .text._ZN15RHGenericDriver8headerToEv
                0x0000369c        0x6 C:\Users\TUSHAR~1\DOCUME~1\GitHub\SICCA_~2\LORA_A~1.3\ARDUIN~1\ARDUIN~1\ARDUIN~1\Debug\libArduinoCore.a(RHGenericDriver.o)
                0x0000369c                _ZN15RHGenericDriver8headerToEv
 .text._ZN15RHGenericDriver10headerFromEv
                0x000036a2        0x6 C:\Users\TUSHAR~1\DOCUME~1\GitHub\SICCA_~2\LORA_A~1.3\ARDUIN~1\ARDUIN~1\ARDUIN~1\Debug\libArduinoCore.a(RHGenericDriver.o)
                0x000036a2                _ZN15RHGenericDriver10headerFromEv
 .text._ZN15RHGenericDriver8headerIdEv
                0x000036a8        0x6 C:\Users\TUSHAR~1\DOCUME~1\GitHub\SICCA_~2\LORA_A~1.3\ARDUIN~1\ARDUIN~1\ARDUIN~1\Debug\libArduinoCore.a(RHGenericDriver.o)
                0x000036a8                _ZN15RHGenericDriver8headerIdEv
 .text._ZN15RHGenericDriver11headerFlagsEv
                0x000036ae        0x6 C:\Users\TUSHAR~1\DOCUME~1\GitHub\SICCA_~2\LORA_A~1.3\ARDUIN~1\ARDUIN~1\ARDUIN~1\Debug\libArduinoCore.a(RHGenericDriver.o)
                0x000036ae                _ZN15RHGenericDriver11headerFlagsEv
 .text._ZN15RHGenericDriver8lastRssiEv
                0x000036b4        0x8 C:\Users\TUSHAR~1\DOCUME~1\GitHub\SICCA_~2\LORA_A~1.3\ARDUIN~1\ARDUIN~1\ARDUIN~1\Debug\libArduinoCore.a(RHGenericDriver.o)
                0x000036b4                _ZN15RHGenericDriver8lastRssiEv
 .text._ZN15RHGenericDriver4modeEv
                0x000036bc        0x6 C:\Users\TUSHAR~1\DOCUME~1\GitHub\SICCA_~2\LORA_A~1.3\ARDUIN~1\ARDUIN~1\ARDUIN~1\Debug\libArduinoCore.a(RHGenericDriver.o)
                0x000036bc                _ZN15RHGenericDriver4modeEv
 .text._ZN15RHGenericDriver7setModeENS_6RHModeE
                0x000036c2        0x6 C:\Users\TUSHAR~1\DOCUME~1\GitHub\SICCA_~2\LORA_A~1.3\ARDUIN~1\ARDUIN~1\ARDUIN~1\Debug\libArduinoCore.a(RHGenericDriver.o)
                0x000036c2                _ZN15RHGenericDriver7setModeENS_6RHModeE
 .text._ZN15RHGenericDriver5sleepEv
                0x000036c8        0x4 C:\Users\TUSHAR~1\DOCUME~1\GitHub\SICCA_~2\LORA_A~1.3\ARDUIN~1\ARDUIN~1\ARDUIN~1\Debug\libArduinoCore.a(RHGenericDriver.o)
                0x000036c8                _ZN15RHGenericDriver15isChannelActiveEv
                0x000036c8                _ZN15RHGenericDriver5sleepEv
 .text._ZN15RHGenericDriver5rxBadEv
                0x000036cc        0x8 C:\Users\TUSHAR~1\DOCUME~1\GitHub\SICCA_~2\LORA_A~1.3\ARDUIN~1\ARDUIN~1\ARDUIN~1\Debug\libArduinoCore.a(RHGenericDriver.o)
                0x000036cc                _ZN15RHGenericDriver5rxBadEv
 .text._ZN15RHGenericDriver6rxGoodEv
                0x000036d4        0x8 C:\Users\TUSHAR~1\DOCUME~1\GitHub\SICCA_~2\LORA_A~1.3\ARDUIN~1\ARDUIN~1\ARDUIN~1\Debug\libArduinoCore.a(RHGenericDriver.o)
                0x000036d4                _ZN15RHGenericDriver6rxGoodEv
 .text._ZN15RHGenericDriver6txGoodEv
                0x000036dc        0x8 C:\Users\TUSHAR~1\DOCUME~1\GitHub\SICCA_~2\LORA_A~1.3\ARDUIN~1\ARDUIN~1\ARDUIN~1\Debug\libArduinoCore.a(RHGenericDriver.o)
                0x000036dc                _ZN15RHGenericDriver6txGoodEv
 .text._ZN15RHGenericDriver13waitAvailableEv
                0x000036e4       0x24 C:\Users\TUSHAR~1\DOCUME~1\GitHub\SICCA_~2\LORA_A~1.3\ARDUIN~1\ARDUIN~1\ARDUIN~1\Debug\libArduinoCore.a(RHGenericDriver.o)
                0x000036e4                _ZN15RHGenericDriver13waitAvailableEv
 .text._ZN15RHGenericDriver14waitPacketSentEv
                0x00003708       0x1a C:\Users\TUSHAR~1\DOCUME~1\GitHub\SICCA_~2\LORA_A~1.3\ARDUIN~1\ARDUIN~1\ARDUIN~1\Debug\libArduinoCore.a(RHGenericDriver.o)
                0x00003708                _ZN15RHGenericDriver14waitPacketSentEv
 .text._ZN15RHGenericDriver20waitAvailableTimeoutEj
                0x00003722       0x6e C:\Users\TUSHAR~1\DOCUME~1\GitHub\SICCA_~2\LORA_A~1.3\ARDUIN~1\ARDUIN~1\ARDUIN~1\Debug\libArduinoCore.a(RHGenericDriver.o)
                0x00003722                _ZN15RHGenericDriver20waitAvailableTimeoutEj
 .text._ZN15RHGenericDriver14waitPacketSentEj
                0x00003790       0x66 C:\Users\TUSHAR~1\DOCUME~1\GitHub\SICCA_~2\LORA_A~1.3\ARDUIN~1\ARDUIN~1\ARDUIN~1\Debug\libArduinoCore.a(RHGenericDriver.o)
                0x00003790                _ZN15RHGenericDriver14waitPacketSentEj
 .text._ZN15RHGenericDriver7waitCADEv
                0x000037f6       0x8e C:\Users\TUSHAR~1\DOCUME~1\GitHub\SICCA_~2\LORA_A~1.3\ARDUIN~1\ARDUIN~1\ARDUIN~1\Debug\libArduinoCore.a(RHGenericDriver.o)
                0x000037f6                _ZN15RHGenericDriver7waitCADEv
 .text._ZN15RHGenericDriverC2Ev
                0x00003884       0x2a C:\Users\TUSHAR~1\DOCUME~1\GitHub\SICCA_~2\LORA_A~1.3\ARDUIN~1\ARDUIN~1\ARDUIN~1\Debug\libArduinoCore.a(RHGenericDriver.o)
                0x00003884                _ZN15RHGenericDriverC1Ev
                0x00003884                _ZN15RHGenericDriverC2Ev
 .text._ZN13RHHardwareSPI8transferEh
                0x000038ae        0xe C:\Users\TUSHAR~1\DOCUME~1\GitHub\SICCA_~2\LORA_A~1.3\ARDUIN~1\ARDUIN~1\ARDUIN~1\Debug\libArduinoCore.a(RHHardwareSPI.o)
                0x000038ae                _ZN13RHHardwareSPI8transferEh
 .text._ZN13RHHardwareSPI15attachInterruptEv
                0x000038bc        0x8 C:\Users\TUSHAR~1\DOCUME~1\GitHub\SICCA_~2\LORA_A~1.3\ARDUIN~1\ARDUIN~1\ARDUIN~1\Debug\libArduinoCore.a(RHHardwareSPI.o)
                0x000038bc                _ZN13RHHardwareSPI15attachInterruptEv
 .text._ZN13RHHardwareSPI15detachInterruptEv
                0x000038c4        0x8 C:\Users\TUSHAR~1\DOCUME~1\GitHub\SICCA_~2\LORA_A~1.3\ARDUIN~1\ARDUIN~1\ARDUIN~1\Debug\libArduinoCore.a(RHHardwareSPI.o)
                0x000038c4                _ZN13RHHardwareSPI15detachInterruptEv
 .text._ZN13RHHardwareSPI16beginTransactionEv
                0x000038cc       0x3a C:\Users\TUSHAR~1\DOCUME~1\GitHub\SICCA_~2\LORA_A~1.3\ARDUIN~1\ARDUIN~1\ARDUIN~1\Debug\libArduinoCore.a(RHHardwareSPI.o)
                0x000038cc                _ZN13RHHardwareSPI16beginTransactionEv
 .text._ZN13RHHardwareSPI5beginEv
                0x00003906       0xb2 C:\Users\TUSHAR~1\DOCUME~1\GitHub\SICCA_~2\LORA_A~1.3\ARDUIN~1\ARDUIN~1\ARDUIN~1\Debug\libArduinoCore.a(RHHardwareSPI.o)
                0x00003906                _ZN13RHHardwareSPI5beginEv
 .text._ZN13RHHardwareSPI3endEv
                0x000039b8        0x4 C:\Users\TUSHAR~1\DOCUME~1\GitHub\SICCA_~2\LORA_A~1.3\ARDUIN~1\ARDUIN~1\ARDUIN~1\Debug\libArduinoCore.a(RHHardwareSPI.o)
                0x000039b8                _ZN13RHHardwareSPI3endEv
 .text._ZN13RHHardwareSPI14usingInterruptEh
                0x000039bc        0x6 C:\Users\TUSHAR~1\DOCUME~1\GitHub\SICCA_~2\LORA_A~1.3\ARDUIN~1\ARDUIN~1\ARDUIN~1\Debug\libArduinoCore.a(RHHardwareSPI.o)
                0x000039bc                _ZN13RHHardwareSPI14usingInterruptEh
 .text._ZN13RHHardwareSPI14endTransactionEv
                0x000039c2       0x22 C:\Users\TUSHAR~1\DOCUME~1\GitHub\SICCA_~2\LORA_A~1.3\ARDUIN~1\ARDUIN~1\ARDUIN~1\Debug\libArduinoCore.a(RHHardwareSPI.o)
                0x000039c2                _ZN13RHHardwareSPI14endTransactionEv
 .text._ZN13RHHardwareSPIC2EN12RHGenericSPI9FrequencyENS0_8BitOrderENS0_8DataModeE
                0x000039e4       0x20 C:\Users\TUSHAR~1\DOCUME~1\GitHub\SICCA_~2\LORA_A~1.3\ARDUIN~1\ARDUIN~1\ARDUIN~1\Debug\libArduinoCore.a(RHHardwareSPI.o)
                0x000039e4                _ZN13RHHardwareSPIC2EN12RHGenericSPI9FrequencyENS0_8BitOrderENS0_8DataModeE
                0x000039e4                _ZN13RHHardwareSPIC1EN12RHGenericSPI9FrequencyENS0_8BitOrderENS0_8DataModeE
 .text.startup._GLOBAL__sub_I_hardware_spi
                0x00003a04        0xe C:\Users\TUSHAR~1\DOCUME~1\GitHub\SICCA_~2\LORA_A~1.3\ARDUIN~1\ARDUIN~1\ARDUIN~1\Debug\libArduinoCore.a(RHHardwareSPI.o)
 .text._ZN7RH_RF9514modeWillChangeEN15RHGenericDriver6RHModeE
                0x00003a12        0x4 C:\Users\TUSHAR~1\DOCUME~1\GitHub\SICCA_~2\LORA_A~1.3\ARDUIN~1\ARDUIN~1\ARDUIN~1\Debug\libArduinoCore.a(RH_RF95.o)
                0x00003a12                _ZN7RH_RF9514modeWillChangeEN15RHGenericDriver6RHModeE
 .text._ZN7RH_RF9516maxMessageLengthEv
                0x00003a16        0x4 C:\Users\TUSHAR~1\DOCUME~1\GitHub\SICCA_~2\LORA_A~1.3\ARDUIN~1\ARDUIN~1\ARDUIN~1\Debug\libArduinoCore.a(RH_RF95.o)
                0x00003a16                _ZN7RH_RF9516maxMessageLengthEv
 .text._ZN7RH_RF95D2Ev
                0x00003a1a        0x2 C:\Users\TUSHAR~1\DOCUME~1\GitHub\SICCA_~2\LORA_A~1.3\ARDUIN~1\ARDUIN~1\ARDUIN~1\Debug\libArduinoCore.a(RH_RF95.o)
                0x00003a1a                _ZN7RH_RF95D1Ev
                0x00003a1a                _ZN7RH_RF95D2Ev
 .text._ZN7RH_RF9515isChannelActiveEv
                0x00003a1c       0x4c C:\Users\TUSHAR~1\DOCUME~1\GitHub\SICCA_~2\LORA_A~1.3\ARDUIN~1\ARDUIN~1\ARDUIN~1\Debug\libArduinoCore.a(RH_RF95.o)
                0x00003a1c                _ZN7RH_RF9515isChannelActiveEv
 .text._ZN7RH_RF95D0Ev
                0x00003a68        0x4 C:\Users\TUSHAR~1\DOCUME~1\GitHub\SICCA_~2\LORA_A~1.3\ARDUIN~1\ARDUIN~1\ARDUIN~1\Debug\libArduinoCore.a(RH_RF95.o)
                0x00003a68                _ZN7RH_RF95D0Ev
 .text._ZN7RH_RF9510setTxPowerEab.part.8.constprop.10
                0x00003a6c       0x48 C:\Users\TUSHAR~1\DOCUME~1\GitHub\SICCA_~2\LORA_A~1.3\ARDUIN~1\ARDUIN~1\ARDUIN~1\Debug\libArduinoCore.a(RH_RF95.o)
 .text._ZN7RH_RF955sleepEv
                0x00003ab4       0x38 C:\Users\TUSHAR~1\DOCUME~1\GitHub\SICCA_~2\LORA_A~1.3\ARDUIN~1\ARDUIN~1\ARDUIN~1\Debug\libArduinoCore.a(RH_RF95.o)
                0x00003ab4                _ZN7RH_RF955sleepEv
 .text._ZN7RH_RF95C2EhhR12RHGenericSPI
                0x00003aec       0x3a C:\Users\TUSHAR~1\DOCUME~1\GitHub\SICCA_~2\LORA_A~1.3\ARDUIN~1\ARDUIN~1\ARDUIN~1\Debug\libArduinoCore.a(RH_RF95.o)
                0x00003aec                _ZN7RH_RF95C1EhhR12RHGenericSPI
                0x00003aec                _ZN7RH_RF95C2EhhR12RHGenericSPI
 .text._ZN7RH_RF9513validateRxBufEv
                0x00003b26       0x40 C:\Users\TUSHAR~1\DOCUME~1\GitHub\SICCA_~2\LORA_A~1.3\ARDUIN~1\ARDUIN~1\ARDUIN~1\Debug\libArduinoCore.a(RH_RF95.o)
                0x00003b26                _ZN7RH_RF9513validateRxBufEv
 .text._ZN7RH_RF9510clearRxBufEv
                0x00003b66       0x14 C:\Users\TUSHAR~1\DOCUME~1\GitHub\SICCA_~2\LORA_A~1.3\ARDUIN~1\ARDUIN~1\ARDUIN~1\Debug\libArduinoCore.a(RH_RF95.o)
                0x00003b66                _ZN7RH_RF9510clearRxBufEv
 .text._ZN7RH_RF954recvEPhS0_
                0x00003b7a       0x7e C:\Users\TUSHAR~1\DOCUME~1\GitHub\SICCA_~2\LORA_A~1.3\ARDUIN~1\ARDUIN~1\ARDUIN~1\Debug\libArduinoCore.a(RH_RF95.o)
                0x00003b7a                _ZN7RH_RF954recvEPhS0_
 .text._ZN7RH_RF9512setFrequencyEf
                0x00003bf8       0x9e C:\Users\TUSHAR~1\DOCUME~1\GitHub\SICCA_~2\LORA_A~1.3\ARDUIN~1\ARDUIN~1\ARDUIN~1\Debug\libArduinoCore.a(RH_RF95.o)
                0x00003bf8                _ZN7RH_RF9512setFrequencyEf
 .text._ZN7RH_RF9511setModeIdleEv
                0x00003c96       0x36 C:\Users\TUSHAR~1\DOCUME~1\GitHub\SICCA_~2\LORA_A~1.3\ARDUIN~1\ARDUIN~1\ARDUIN~1\Debug\libArduinoCore.a(RH_RF95.o)
                0x00003c96                _ZN7RH_RF9511setModeIdleEv
 .text._ZN7RH_RF9515handleInterruptEv
                0x00003ccc      0x162 C:\Users\TUSHAR~1\DOCUME~1\GitHub\SICCA_~2\LORA_A~1.3\ARDUIN~1\ARDUIN~1\ARDUIN~1\Debug\libArduinoCore.a(RH_RF95.o)
                0x00003ccc                _ZN7RH_RF9515handleInterruptEv
 .text._ZN7RH_RF954isr0Ev
                0x00003e2e       0x12 C:\Users\TUSHAR~1\DOCUME~1\GitHub\SICCA_~2\LORA_A~1.3\ARDUIN~1\ARDUIN~1\ARDUIN~1\Debug\libArduinoCore.a(RH_RF95.o)
                0x00003e2e                _ZN7RH_RF954isr0Ev
 .text._ZN7RH_RF954isr1Ev
                0x00003e40       0x12 C:\Users\TUSHAR~1\DOCUME~1\GitHub\SICCA_~2\LORA_A~1.3\ARDUIN~1\ARDUIN~1\ARDUIN~1\Debug\libArduinoCore.a(RH_RF95.o)
                0x00003e40                _ZN7RH_RF954isr1Ev
 .text._ZN7RH_RF954isr2Ev
                0x00003e52       0x12 C:\Users\TUSHAR~1\DOCUME~1\GitHub\SICCA_~2\LORA_A~1.3\ARDUIN~1\ARDUIN~1\ARDUIN~1\Debug\libArduinoCore.a(RH_RF95.o)
                0x00003e52                _ZN7RH_RF954isr2Ev
 .text._ZN7RH_RF959setModeRxEv
                0x00003e64       0x40 C:\Users\TUSHAR~1\DOCUME~1\GitHub\SICCA_~2\LORA_A~1.3\ARDUIN~1\ARDUIN~1\ARDUIN~1\Debug\libArduinoCore.a(RH_RF95.o)
                0x00003e64                _ZN7RH_RF959setModeRxEv
 .text._ZN7RH_RF959availableEv
                0x00003ea4       0x22 C:\Users\TUSHAR~1\DOCUME~1\GitHub\SICCA_~2\LORA_A~1.3\ARDUIN~1\ARDUIN~1\ARDUIN~1\Debug\libArduinoCore.a(RH_RF95.o)
                0x00003ea4                _ZN7RH_RF959availableEv
 .text._ZN7RH_RF959setModeTxEv
                0x00003ec6       0x40 C:\Users\TUSHAR~1\DOCUME~1\GitHub\SICCA_~2\LORA_A~1.3\ARDUIN~1\ARDUIN~1\ARDUIN~1\Debug\libArduinoCore.a(RH_RF95.o)
                0x00003ec6                _ZN7RH_RF959setModeTxEv
 .text._ZN7RH_RF954sendEPKhh
                0x00003f06       0xa0 C:\Users\TUSHAR~1\DOCUME~1\GitHub\SICCA_~2\LORA_A~1.3\ARDUIN~1\ARDUIN~1\ARDUIN~1\Debug\libArduinoCore.a(RH_RF95.o)
                0x00003f06                _ZN7RH_RF954sendEPKhh
 .text._ZN7RH_RF9510setTxPowerEab
                0x00003fa6       0x3c C:\Users\TUSHAR~1\DOCUME~1\GitHub\SICCA_~2\LORA_A~1.3\ARDUIN~1\ARDUIN~1\ARDUIN~1\Debug\libArduinoCore.a(RH_RF95.o)
                0x00003fa6                _ZN7RH_RF9510setTxPowerEab
 .text._ZN7RH_RF9517setModemRegistersEPKNS_11ModemConfigE
                0x00003fe2       0x36 C:\Users\TUSHAR~1\DOCUME~1\GitHub\SICCA_~2\LORA_A~1.3\ARDUIN~1\ARDUIN~1\ARDUIN~1\Debug\libArduinoCore.a(RH_RF95.o)
                0x00003fe2                _ZN7RH_RF9517setModemRegistersEPKNS_11ModemConfigE
 .text._ZN7RH_RF9514setModemConfigENS_17ModemConfigChoiceE
                0x00004018       0x56 C:\Users\TUSHAR~1\DOCUME~1\GitHub\SICCA_~2\LORA_A~1.3\ARDUIN~1\ARDUIN~1\ARDUIN~1\Debug\libArduinoCore.a(RH_RF95.o)
                0x00004018                _ZN7RH_RF9514setModemConfigENS_17ModemConfigChoiceE
 .text._ZN7RH_RF9517setPreambleLengthEj
                0x0000406e       0x22 C:\Users\TUSHAR~1\DOCUME~1\GitHub\SICCA_~2\LORA_A~1.3\ARDUIN~1\ARDUIN~1\ARDUIN~1\Debug\libArduinoCore.a(RH_RF95.o)
                0x0000406e                _ZN7RH_RF9517setPreambleLengthEj
 .text._ZN7RH_RF954initEv
                0x00004090      0x114 C:\Users\TUSHAR~1\DOCUME~1\GitHub\SICCA_~2\LORA_A~1.3\ARDUIN~1\ARDUIN~1\ARDUIN~1\Debug\libArduinoCore.a(RH_RF95.o)
                0x00004090                _ZN7RH_RF954initEv
 .text._ZN7RH_RF9514setLowDatarateEv
                0x000041a4       0xf6 C:\Users\TUSHAR~1\DOCUME~1\GitHub\SICCA_~2\LORA_A~1.3\ARDUIN~1\ARDUIN~1\ARDUIN~1\Debug\libArduinoCore.a(RH_RF95.o)
                0x000041a4                _ZN7RH_RF9514setLowDatarateEv
 .text._ZN7RH_RF9518setSpreadingFactorEh
                0x0000429a       0x5c C:\Users\TUSHAR~1\DOCUME~1\GitHub\SICCA_~2\LORA_A~1.3\ARDUIN~1\ARDUIN~1\ARDUIN~1\Debug\libArduinoCore.a(RH_RF95.o)
                0x0000429a                _ZN7RH_RF9518setSpreadingFactorEh
 .text._ZN8SPIClass5beginEv
                0x000042f6       0x6c C:\Users\TUSHAR~1\DOCUME~1\GitHub\SICCA_~2\LORA_A~1.3\ARDUIN~1\ARDUIN~1\ARDUIN~1\Debug\libArduinoCore.a(SPI.o)
                0x000042f6                _ZN8SPIClass5beginEv
 .text._ZN8SPIClass3endEv
                0x00004362       0x28 C:\Users\TUSHAR~1\DOCUME~1\GitHub\SICCA_~2\LORA_A~1.3\ARDUIN~1\ARDUIN~1\ARDUIN~1\Debug\libArduinoCore.a(SPI.o)
                0x00004362                _ZN8SPIClass3endEv
 .text._ZN8SPIClass14usingInterruptEh
                0x0000438a       0x38 C:\Users\TUSHAR~1\DOCUME~1\GitHub\SICCA_~2\LORA_A~1.3\ARDUIN~1\ARDUIN~1\ARDUIN~1\Debug\libArduinoCore.a(SPI.o)
                0x0000438a                _ZN8SPIClass14usingInterruptEh
 .text.__cxa_pure_virtual
                0x000043c2        0x4 C:\Users\TUSHAR~1\DOCUME~1\GitHub\SICCA_~2\LORA_A~1.3\ARDUIN~1\ARDUIN~1\ARDUIN~1\Debug\libArduinoCore.a(abi.o)
                0x000043c2                __cxa_pure_virtual
 .text.__empty  0x000043c6        0x2 C:\Users\TUSHAR~1\DOCUME~1\GitHub\SICCA_~2\LORA_A~1.3\ARDUIN~1\ARDUIN~1\ARDUIN~1\Debug\libArduinoCore.a(hooks.o)
                0x000043c6                yield
 .text._ZdlPv   0x000043c8        0x4 C:\Users\TUSHAR~1\DOCUME~1\GitHub\SICCA_~2\LORA_A~1.3\ARDUIN~1\ARDUIN~1\ARDUIN~1\Debug\libArduinoCore.a(new.o)
                0x000043c8                _ZdlPv
 .text.nothing  0x000043cc        0x2 C:\Users\TUSHAR~1\DOCUME~1\GitHub\SICCA_~2\LORA_A~1.3\ARDUIN~1\ARDUIN~1\ARDUIN~1\Debug\libArduinoCore.a(WInterrupts.o)
 .text.attachInterrupt
                0x000043ce       0x40 C:\Users\TUSHAR~1\DOCUME~1\GitHub\SICCA_~2\LORA_A~1.3\ARDUIN~1\ARDUIN~1\ARDUIN~1\Debug\libArduinoCore.a(WInterrupts.o)
                0x000043ce                attachInterrupt
 .text.__vector_1
                0x0000440e       0x4e C:\Users\TUSHAR~1\DOCUME~1\GitHub\SICCA_~2\LORA_A~1.3\ARDUIN~1\ARDUIN~1\ARDUIN~1\Debug\libArduinoCore.a(WInterrupts.o)
                0x0000440e                __vector_1
 .text.__vector_2
                0x0000445c       0x4e C:\Users\TUSHAR~1\DOCUME~1\GitHub\SICCA_~2\LORA_A~1.3\ARDUIN~1\ARDUIN~1\ARDUIN~1\Debug\libArduinoCore.a(WInterrupts.o)
                0x0000445c                __vector_2
 .text._Z6randoml
                0x000044aa       0x34 C:\Users\TUSHAR~1\DOCUME~1\GitHub\SICCA_~2\LORA_A~1.3\ARDUIN~1\ARDUIN~1\ARDUIN~1\Debug\libArduinoCore.a(WMath.o)
                0x000044aa                _Z6randoml
 .text._Z6randomll
                0x000044de       0x44 C:\Users\TUSHAR~1\DOCUME~1\GitHub\SICCA_~2\LORA_A~1.3\ARDUIN~1\ARDUIN~1\ARDUIN~1\Debug\libArduinoCore.a(WMath.o)
                0x000044de                _Z6randomll
 .text._ZN12RHGenericSPI15attachInterruptEv
                0x00004522        0x2 C:\Users\TUSHAR~1\DOCUME~1\GitHub\SICCA_~2\LORA_A~1.3\ARDUIN~1\ARDUIN~1\ARDUIN~1\Debug\libArduinoCore.a(RHGenericSPI.o)
                0x00004522                _ZN12RHGenericSPI15attachInterruptEv
 .text._ZN12RHGenericSPI15detachInterruptEv
                0x00004524        0x2 C:\Users\TUSHAR~1\DOCUME~1\GitHub\SICCA_~2\LORA_A~1.3\ARDUIN~1\ARDUIN~1\ARDUIN~1\Debug\libArduinoCore.a(RHGenericSPI.o)
                0x00004524                _ZN12RHGenericSPI15detachInterruptEv
 .text._ZN12RHGenericSPI16beginTransactionEv
                0x00004526        0x2 C:\Users\TUSHAR~1\DOCUME~1\GitHub\SICCA_~2\LORA_A~1.3\ARDUIN~1\ARDUIN~1\ARDUIN~1\Debug\libArduinoCore.a(RHGenericSPI.o)
                0x00004526                _ZN12RHGenericSPI16beginTransactionEv
 .text._ZN12RHGenericSPI14endTransactionEv
                0x00004528        0x2 C:\Users\TUSHAR~1\DOCUME~1\GitHub\SICCA_~2\LORA_A~1.3\ARDUIN~1\ARDUIN~1\ARDUIN~1\Debug\libArduinoCore.a(RHGenericSPI.o)
                0x00004528                _ZN12RHGenericSPI14endTransactionEv
 .text._ZN12RHGenericSPI14usingInterruptEh
                0x0000452a        0x2 C:\Users\TUSHAR~1\DOCUME~1\GitHub\SICCA_~2\LORA_A~1.3\ARDUIN~1\ARDUIN~1\ARDUIN~1\Debug\libArduinoCore.a(RHGenericSPI.o)
                0x0000452a                _ZN12RHGenericSPI14usingInterruptEh
 .text._ZN12RHGenericSPI11setBitOrderENS_8BitOrderE
                0x0000452c        0x6 C:\Users\TUSHAR~1\DOCUME~1\GitHub\SICCA_~2\LORA_A~1.3\ARDUIN~1\ARDUIN~1\ARDUIN~1\Debug\libArduinoCore.a(RHGenericSPI.o)
                0x0000452c                _ZN12RHGenericSPI11setBitOrderENS_8BitOrderE
 .text._ZN12RHGenericSPI11setDataModeENS_8DataModeE
                0x00004532        0x6 C:\Users\TUSHAR~1\DOCUME~1\GitHub\SICCA_~2\LORA_A~1.3\ARDUIN~1\ARDUIN~1\ARDUIN~1\Debug\libArduinoCore.a(RHGenericSPI.o)
                0x00004532                _ZN12RHGenericSPI11setDataModeENS_8DataModeE
 .text._ZN12RHGenericSPI12setFrequencyENS_9FrequencyE
                0x00004538        0x6 C:\Users\TUSHAR~1\DOCUME~1\GitHub\SICCA_~2\LORA_A~1.3\ARDUIN~1\ARDUIN~1\ARDUIN~1\Debug\libArduinoCore.a(RHGenericSPI.o)
                0x00004538                _ZN12RHGenericSPI12setFrequencyENS_9FrequencyE
 .text._ZN12RHGenericSPIC2ENS_9FrequencyENS_8BitOrderENS_8DataModeE
                0x0000453e       0x12 C:\Users\TUSHAR~1\DOCUME~1\GitHub\SICCA_~2\LORA_A~1.3\ARDUIN~1\ARDUIN~1\ARDUIN~1\Debug\libArduinoCore.a(RHGenericSPI.o)
                0x0000453e                _ZN12RHGenericSPIC1ENS_9FrequencyENS_8BitOrderENS_8DataModeE
                0x0000453e                _ZN12RHGenericSPIC2ENS_9FrequencyENS_8BitOrderENS_8DataModeE
 .text._ZN11RHSPIDriver4initEv
                0x00004550       0x46 C:\Users\TUSHAR~1\DOCUME~1\GitHub\SICCA_~2\LORA_A~1.3\ARDUIN~1\ARDUIN~1\ARDUIN~1\Debug\libArduinoCore.a(RHSPIDriver.o)
                0x00004550                _ZN11RHSPIDriver4initEv
 .text._ZN11RHSPIDriver11selectSlaveEv
                0x00004596        0xa C:\Users\TUSHAR~1\DOCUME~1\GitHub\SICCA_~2\LORA_A~1.3\ARDUIN~1\ARDUIN~1\ARDUIN~1\Debug\libArduinoCore.a(RHSPIDriver.o)
                0x00004596                _ZN11RHSPIDriver11selectSlaveEv
 .text._ZN11RHSPIDriver13deselectSlaveEv
                0x000045a0        0xa C:\Users\TUSHAR~1\DOCUME~1\GitHub\SICCA_~2\LORA_A~1.3\ARDUIN~1\ARDUIN~1\ARDUIN~1\Debug\libArduinoCore.a(RHSPIDriver.o)
                0x000045a0                _ZN11RHSPIDriver13deselectSlaveEv
 .text._ZN11RHSPIDriverC2EhR12RHGenericSPI
                0x000045aa       0x2e C:\Users\TUSHAR~1\DOCUME~1\GitHub\SICCA_~2\LORA_A~1.3\ARDUIN~1\ARDUIN~1\ARDUIN~1\Debug\libArduinoCore.a(RHSPIDriver.o)
                0x000045aa                _ZN11RHSPIDriverC1EhR12RHGenericSPI
                0x000045aa                _ZN11RHSPIDriverC2EhR12RHGenericSPI
 .text._ZN11RHSPIDriver7spiReadEh
                0x000045d8       0x8a C:\Users\TUSHAR~1\DOCUME~1\GitHub\SICCA_~2\LORA_A~1.3\ARDUIN~1\ARDUIN~1\ARDUIN~1\Debug\libArduinoCore.a(RHSPIDriver.o)
                0x000045d8                _ZN11RHSPIDriver7spiReadEh
 .text._ZN11RHSPIDriver8spiWriteEhh
                0x00004662       0x90 C:\Users\TUSHAR~1\DOCUME~1\GitHub\SICCA_~2\LORA_A~1.3\ARDUIN~1\ARDUIN~1\ARDUIN~1\Debug\libArduinoCore.a(RHSPIDriver.o)
                0x00004662                _ZN11RHSPIDriver8spiWriteEhh
 .text._ZN11RHSPIDriver12spiBurstReadEhPhh
                0x000046f2       0xb6 C:\Users\TUSHAR~1\DOCUME~1\GitHub\SICCA_~2\LORA_A~1.3\ARDUIN~1\ARDUIN~1\ARDUIN~1\Debug\libArduinoCore.a(RHSPIDriver.o)
                0x000046f2                _ZN11RHSPIDriver12spiBurstReadEhPhh
 .text._ZN11RHSPIDriver13spiBurstWriteEhPKhh
                0x000047a8       0xb4 C:\Users\TUSHAR~1\DOCUME~1\GitHub\SICCA_~2\LORA_A~1.3\ARDUIN~1\ARDUIN~1\ARDUIN~1\Debug\libArduinoCore.a(RHSPIDriver.o)
                0x000047a8                _ZN11RHSPIDriver13spiBurstWriteEhPKhh
 .text._ZN11RHSPIDriver17spiUsingInterruptEh
                0x0000485c       0x18 C:\Users\TUSHAR~1\DOCUME~1\GitHub\SICCA_~2\LORA_A~1.3\ARDUIN~1\ARDUIN~1\ARDUIN~1\Debug\libArduinoCore.a(RHSPIDriver.o)
                0x0000485c                _ZN11RHSPIDriver17spiUsingInterruptEh
 .text.avr-libc.fplib
                0x00004874        0xa c:/program files (x86)/atmel/studio/7.0/toolchain/avr8/avr8-gnu-toolchain/bin/../lib/gcc/avr/5.4.0/../../../../avr/lib/avr5\libm.a(unordsf2.o)
                0x00004874                __unordsf2
 .text.libgcc.div
                0x0000487e       0x28 c:/program files (x86)/atmel/studio/7.0/toolchain/avr8/avr8-gnu-toolchain/bin/../lib/gcc/avr/5.4.0/avr5\libgcc.a(_udivmodhi4.o)
                0x0000487e                __udivmodhi4
 .text.libgcc.div
                0x000048a6       0x28 c:/program files (x86)/atmel/studio/7.0/toolchain/avr8/avr8-gnu-toolchain/bin/../lib/gcc/avr/5.4.0/avr5\libgcc.a(_divmodhi4.o)
                0x000048a6                _div
                0x000048a6                __divmodhi4
 .text.libgcc.div
                0x000048ce       0x44 c:/program files (x86)/atmel/studio/7.0/toolchain/avr8/avr8-gnu-toolchain/bin/../lib/gcc/avr/5.4.0/avr5\libgcc.a(_udivmodsi4.o)
                0x000048ce                __udivmodsi4
 .text.libgcc.div
                0x00004912       0x2e c:/program files (x86)/atmel/studio/7.0/toolchain/avr8/avr8-gnu-toolchain/bin/../lib/gcc/avr/5.4.0/avr5\libgcc.a(_divmodsi4.o)
                0x00004912                __divmodsi4
 .text.libgcc.div
                0x00004940       0x10 c:/program files (x86)/atmel/studio/7.0/toolchain/avr8/avr8-gnu-toolchain/bin/../lib/gcc/avr/5.4.0/avr5\libgcc.a(_negsi2.o)
                0x00004940                __negsi2
 .text.libgcc.mul
                0x00004950       0x16 c:/program files (x86)/atmel/studio/7.0/toolchain/avr8/avr8-gnu-toolchain/bin/../lib/gcc/avr/5.4.0/avr5\libgcc.a(_muluhisi3.o)
                0x00004950                __muluhisi3
 .text.libgcc   0x00004966        0xc c:/program files (x86)/atmel/studio/7.0/toolchain/avr8/avr8-gnu-toolchain/bin/../lib/gcc/avr/5.4.0/avr5\libgcc.a(_tablejump2.o)
                0x00004966                __tablejump2__
 .text.libgcc.mul
                0x00004972       0x1e c:/program files (x86)/atmel/studio/7.0/toolchain/avr8/avr8-gnu-toolchain/bin/../lib/gcc/avr/5.4.0/avr5\libgcc.a(_umulhisi3.o)
                0x00004972                __umulhisi3
 .text.avr-libc
                0x00004990      0x242 c:/program files (x86)/atmel/studio/7.0/toolchain/avr8/avr8-gnu-toolchain/bin/../lib/gcc/avr/5.4.0/../../../../avr/lib/avr5\libc.a(malloc.o)
                0x00004990                malloc
                0x00004ac0                free
 .text.avr-libc
                0x00004bd2      0x144 c:/program files (x86)/atmel/studio/7.0/toolchain/avr8/avr8-gnu-toolchain/bin/../lib/gcc/avr/5.4.0/../../../../avr/lib/avr5\libc.a(random.o)
                0x00004bd2                random_r
                0x00004c68                random
                0x00004d04                srandom
 .text.avr-libc
                0x00004d16        0xa c:/program files (x86)/atmel/studio/7.0/toolchain/avr8/avr8-gnu-toolchain/bin/../lib/gcc/avr/5.4.0/../../../../avr/lib/avr5\libc.a(abort.o)
                0x00004d16                abort
 .text.avr-libc
                0x00004d20       0x12 c:/program files (x86)/atmel/studio/7.0/toolchain/avr8/avr8-gnu-toolchain/bin/../lib/gcc/avr/5.4.0/../../../../avr/lib/avr5\libc.a(memcpy_P.o)
                0x00004d20                memcpy_P
 .text.avr-libc
                0x00004d32       0x12 c:/program files (x86)/atmel/studio/7.0/toolchain/avr8/avr8-gnu-toolchain/bin/../lib/gcc/avr/5.4.0/../../../../avr/lib/avr5\libc.a(memcpy.o)
                0x00004d32                memcpy
 .text.avr-libc
                0x00004d44        0xe c:/program files (x86)/atmel/studio/7.0/toolchain/avr8/avr8-gnu-toolchain/bin/../lib/gcc/avr/5.4.0/../../../../avr/lib/avr5\libc.a(strcpy.o)
                0x00004d44                strcpy
 .text.avr-libc
                0x00004d52       0x10 C:/Program Files (x86)/Atmel/Studio/7.0/Packs/atmel/ATmega_DFP/1.6.364/gcc/dev/atmega328p/avr5\libatmega328p.a(eerd_byte.o)
                0x00004d52                eeprom_read_byte
 .text.avr-libc
                0x00004d62       0x1c C:/Program Files (x86)/Atmel/Studio/7.0/Packs/atmel/ATmega_DFP/1.6.364/gcc/dev/atmega328p/avr5\libatmega328p.a(eewr_byte.o)
                0x00004d62                eeprom_write_byte
                0x00004d64                eeprom_write_r18
 .text.libgcc.mul
                0x00004d7e       0x10 c:/program files (x86)/atmel/studio/7.0/toolchain/avr8/avr8-gnu-toolchain/bin/../lib/gcc/avr/5.4.0/avr5\libgcc.a(_mulshisi3.o)
                0x00004d7e                __mulshisi3
                0x00004d84                __mulohisi3
                0x00004d8e                . = ALIGN (0x2)
 *(.fini9)
 .fini9         0x00004d8e        0x0 c:/program files (x86)/atmel/studio/7.0/toolchain/avr8/avr8-gnu-toolchain/bin/../lib/gcc/avr/5.4.0/avr5\libgcc.a(_exit.o)
                0x00004d8e                _exit
                0x00004d8e                exit
 *(.fini9)
 *(.fini8)
 *(.fini8)
 *(.fini7)
 *(.fini7)
 *(.fini6)
 *(.fini6)
 *(.fini5)
 *(.fini5)
 *(.fini4)
 *(.fini4)
 *(.fini3)
 *(.fini3)
 *(.fini2)
 *(.fini2)
 *(.fini1)
 *(.fini1)
 *(.fini0)
 .fini0         0x00004d8e        0x4 c:/program files (x86)/atmel/studio/7.0/toolchain/avr8/avr8-gnu-toolchain/bin/../lib/gcc/avr/5.4.0/avr5\libgcc.a(_exit.o)
 *(.fini0)
                0x00004d92                _etext = .

.data           0x00800100      0x206 load address 0x00004d92
                0x00800100                PROVIDE (__data_start, .)
 *(.data)
 .data          0x00800100        0x6 c:/program files (x86)/atmel/studio/7.0/toolchain/avr8/avr8-gnu-toolchain/bin/../lib/gcc/avr/5.4.0/../../../../avr/lib/avr5\libc.a(malloc.o)
                0x00800100                __malloc_heap_end
                0x00800102                __malloc_heap_start
                0x00800104                __malloc_margin
 .data          0x00800106        0x4 c:/program files (x86)/atmel/studio/7.0/toolchain/avr8/avr8-gnu-toolchain/bin/../lib/gcc/avr/5.4.0/../../../../avr/lib/avr5\libc.a(random.o)
 *(.data*)
 .data.VoltRange
                0x0080010a        0x4 Sketch.o
                0x0080010a                VoltRange
 .data._gReload
                0x0080010e        0x1 Sketch.o
                0x0080010e                _gReload
 .data.analog_reference
                0x0080010f        0x1 C:\Users\TUSHAR~1\DOCUME~1\GitHub\SICCA_~2\LORA_A~1.3\ARDUIN~1\ARDUIN~1\ARDUIN~1\Debug\libArduinoCore.a(wiring_analog.o)
                0x0080010f                analog_reference
 .data.intFunc  0x00800110        0x4 C:\Users\TUSHAR~1\DOCUME~1\GitHub\SICCA_~2\LORA_A~1.3\ARDUIN~1\ARDUIN~1\ARDUIN~1\Debug\libArduinoCore.a(WInterrupts.o)
 *(.gnu.linkonce.d*)
 *(.rodata)
 .rodata        0x00800114       0x74 C:\Users\TUSHAR~1\DOCUME~1\GitHub\SICCA_~2\LORA_A~1.3\ARDUIN~1\ARDUIN~1\ARDUIN~1\Debug\libArduinoCore.a(RH_RF95.o)
 *(.rodata*)
 .rodata.str1.1
                0x00800188        0x7 Init.o
 .rodata.str1.1
                0x0080018f       0x47 Lora_Recieved.o
 .rodata.str1.1
                0x008001d6       0x11 Sketch.o
                                 0x13 (size before relaxing)
 .rodata._ZTV14HardwareSerial
                0x008001e7       0x12 C:\Users\TUSHAR~1\DOCUME~1\GitHub\SICCA_~2\LORA_A~1.3\ARDUIN~1\ARDUIN~1\ARDUIN~1\Debug\libArduinoCore.a(HardwareSerial.o)
                0x008001e7                _ZTV14HardwareSerial
 .rodata.str1.1
                0x008001f9        0xf C:\Users\TUSHAR~1\DOCUME~1\GitHub\SICCA_~2\LORA_A~1.3\ARDUIN~1\ARDUIN~1\ARDUIN~1\Debug\libArduinoCore.a(Print.o)
 .rodata._ZTV15RHGenericDriver
                0x00800208       0x40 C:\Users\TUSHAR~1\DOCUME~1\GitHub\SICCA_~2\LORA_A~1.3\ARDUIN~1\ARDUIN~1\ARDUIN~1\Debug\libArduinoCore.a(RHGenericDriver.o)
                0x00800208                _ZTV15RHGenericDriver
 .rodata._ZTV13RHHardwareSPI
                0x00800248       0x1a C:\Users\TUSHAR~1\DOCUME~1\GitHub\SICCA_~2\LORA_A~1.3\ARDUIN~1\ARDUIN~1\ARDUIN~1\Debug\libArduinoCore.a(RHHardwareSPI.o)
                0x00800248                _ZTV13RHHardwareSPI
 .rodata._ZTV7RH_RF95
                0x00800262       0x46 C:\Users\TUSHAR~1\DOCUME~1\GitHub\SICCA_~2\LORA_A~1.3\ARDUIN~1\ARDUIN~1\ARDUIN~1\Debug\libArduinoCore.a(RH_RF95.o)
                0x00800262                _ZTV7RH_RF95
 .rodata._ZTV12RHGenericSPI
                0x008002a8       0x1a C:\Users\TUSHAR~1\DOCUME~1\GitHub\SICCA_~2\LORA_A~1.3\ARDUIN~1\ARDUIN~1\ARDUIN~1\Debug\libArduinoCore.a(RHGenericSPI.o)
                0x008002a8                _ZTV12RHGenericSPI
 .rodata._ZTV11RHSPIDriver
                0x008002c2       0x44 C:\Users\TUSHAR~1\DOCUME~1\GitHub\SICCA_~2\LORA_A~1.3\ARDUIN~1\ARDUIN~1\ARDUIN~1\Debug\libArduinoCore.a(RHSPIDriver.o)
                0x008002c2                _ZTV11RHSPIDriver
 *(.gnu.linkonce.r*)
                0x00800306                . = ALIGN (0x2)
                0x00800306                _edata = .
                0x00800306                PROVIDE (__data_end, .)

.bss            0x00800306      0x477
                0x00800306                PROVIDE (__bss_start, .)
 *(.bss)
 *(.bss*)
 .bss._ZL12userFunction
                0x00800306        0x2 analogComp.o
 .bss._ZZ14Faults_HandlervE12fault_status
                0x00800308        0x4 Fault_And_Indication.o
 .bss._ZZ14Faults_HandlervE18faults_check_timer
                0x0080030c        0x1 Fault_And_Indication.o
 .bss._ZZ14Faults_HandlervE12fault_occure
                0x0080030d        0x4 Fault_And_Indication.o
 .bss._ZZ10__vector_7E8ct_timer
                0x00800311        0x2 Init.o
 .bss._ZZ10__vector_7E7counter
                0x00800313        0x2 Init.o
 .bss.rf95      0x00800315      0x123 Lora_Recieved.o
                0x00800315                rf95
 .bss._ZZ33Interrupt_Analyse_Read_Phases_NewvE12B_Phases_Avg
                0x00800438       0x32 Sketch.o
 .bss._ZZ33Interrupt_Analyse_Read_Phases_NewvE9B_Counter
                0x0080046a        0x1 Sketch.o
 .bss._ZZ33Interrupt_Analyse_Read_Phases_NewvE12Y_Phases_Avg
                0x0080046b       0x32 Sketch.o
 .bss._ZZ33Interrupt_Analyse_Read_Phases_NewvE9Y_Counter
                0x0080049d        0x1 Sketch.o
 .bss._ZZ33Interrupt_Analyse_Read_Phases_NewvE11check_fault
                0x0080049e        0x1 Sketch.o
 .bss._ZZ33Interrupt_Analyse_Read_Phases_NewvE12R_Phases_Avg
                0x0080049f       0x32 Sketch.o
 .bss._ZZ33Interrupt_Analyse_Read_Phases_NewvE9R_Counter
                0x008004d1        0x1 Sketch.o
 .bss._ZZ33Interrupt_Analyse_Read_Phases_NewvE1i
                0x008004d2        0x1 Sketch.o
 .bss._ZZ33Interrupt_Analyse_Read_Phases_NewvE17check_max_voltage
                0x008004d3        0x2 Sketch.o
 .bss.RUBLE_PUMP_CURRENT
                0x008004d5       0x5c Sketch.o
                0x008004d5                RUBLE_PUMP_CURRENT
 .bss._sPump_Parameter
                0x00800531        0xa Sketch.o
                0x00800531                _sPump_Parameter
 .bss._sWireless_Pump_Data
                0x0080053b       0x2f Sketch.o
                0x0080053b                _sWireless_Pump_Data
 .bss.adcVal    0x0080056a        0x2 Sketch.o
                0x0080056a                adcVal
 .bss.nextLoop  0x0080056c        0x4 Sketch.o
                0x0080056c                nextLoop
 .bss.Reading_Ct_Flag
                0x00800570        0x1 Sketch.o
                0x00800570                Reading_Ct_Flag
 .bss._gMonitor_Controller_Response
                0x00800571        0x2 Sketch.o
                0x00800571                _gMonitor_Controller_Response
 .bss._gTIMER_For_Wdt
                0x00800573        0x2 Sketch.o
                0x00800573                _gTIMER_For_Wdt
 .bss._gcheck_Wdt
                0x00800575        0x1 Sketch.o
                0x00800575                _gcheck_Wdt
 .bss.B_Phase_Fault_Repair
                0x00800576        0x1 Sketch.o
                0x00800576                B_Phase_Fault_Repair
 .bss.Y_Phase_Fault_Repair
                0x00800577        0x1 Sketch.o
                0x00800577                Y_Phase_Fault_Repair
 .bss.R_Phase_Fault_Repair
                0x00800578        0x1 Sketch.o
                0x00800578                R_Phase_Fault_Repair
 .bss.B_Phase_Fault_Counter
                0x00800579        0x1 Sketch.o
                0x00800579                B_Phase_Fault_Counter
 .bss.Y_Phase_Fault_Counter
                0x0080057a        0x1 Sketch.o
                0x0080057a                Y_Phase_Fault_Counter
 .bss.R_Phase_Fault_Counter
                0x0080057b        0x1 Sketch.o
                0x0080057b                R_Phase_Fault_Counter
 .bss.buff      0x0080057c       0xfb Sketch.o
                0x0080057c                buff
 .bss.Transmit_Data
                0x00800677       0x14 Sketch.o
                0x00800677                Transmit_Data
 .bss._g1Sec_Time
                0x0080068b        0x2 Sketch.o
                0x0080068b                _g1Sec_Time
 .bss.Utick     0x0080068d        0x2 Sketch.o
                0x0080068d                Utick
 .bss.readRms   0x0080068f       0x32 Sketch.o
                0x0080068f                readRms
 .bss.Serial    0x008006c1       0x9d C:\Users\TUSHAR~1\DOCUME~1\GitHub\SICCA_~2\LORA_A~1.3\ARDUIN~1\ARDUIN~1\ARDUIN~1\Debug\libArduinoCore.a(HardwareSerial0.o)
                0x008006c1                Serial
 .bss.timer0_fract
                0x0080075e        0x1 C:\Users\TUSHAR~1\DOCUME~1\GitHub\SICCA_~2\LORA_A~1.3\ARDUIN~1\ARDUIN~1\ARDUIN~1\Debug\libArduinoCore.a(wiring.o)
 .bss.timer0_millis
                0x0080075f        0x4 C:\Users\TUSHAR~1\DOCUME~1\GitHub\SICCA_~2\LORA_A~1.3\ARDUIN~1\ARDUIN~1\ARDUIN~1\Debug\libArduinoCore.a(wiring.o)
                0x0080075f                timer0_millis
 .bss.timer0_overflow_count
                0x00800763        0x4 C:\Users\TUSHAR~1\DOCUME~1\GitHub\SICCA_~2\LORA_A~1.3\ARDUIN~1\ARDUIN~1\ARDUIN~1\Debug\libArduinoCore.a(wiring.o)
                0x00800763                timer0_overflow_count
 .bss.hardware_spi
                0x00800767        0x7 C:\Users\TUSHAR~1\DOCUME~1\GitHub\SICCA_~2\LORA_A~1.3\ARDUIN~1\ARDUIN~1\ARDUIN~1\Debug\libArduinoCore.a(RHHardwareSPI.o)
                0x00800767                hardware_spi
 .bss._ZN7RH_RF9515_interruptCountE
                0x0080076e        0x1 C:\Users\TUSHAR~1\DOCUME~1\GitHub\SICCA_~2\LORA_A~1.3\ARDUIN~1\ARDUIN~1\ARDUIN~1\Debug\libArduinoCore.a(RH_RF95.o)
                0x0080076e                _ZN7RH_RF9515_interruptCountE
 .bss._ZN7RH_RF9519_deviceForInterruptE
                0x0080076f        0x6 C:\Users\TUSHAR~1\DOCUME~1\GitHub\SICCA_~2\LORA_A~1.3\ARDUIN~1\ARDUIN~1\ARDUIN~1\Debug\libArduinoCore.a(RH_RF95.o)
                0x0080076f                _ZN7RH_RF9519_deviceForInterruptE
 .bss._ZN8SPIClass13interruptSaveE
                0x00800775        0x1 C:\Users\TUSHAR~1\DOCUME~1\GitHub\SICCA_~2\LORA_A~1.3\ARDUIN~1\ARDUIN~1\ARDUIN~1\Debug\libArduinoCore.a(SPI.o)
                0x00800775                _ZN8SPIClass13interruptSaveE
 .bss._ZN8SPIClass13interruptMaskE
                0x00800776        0x1 C:\Users\TUSHAR~1\DOCUME~1\GitHub\SICCA_~2\LORA_A~1.3\ARDUIN~1\ARDUIN~1\ARDUIN~1\Debug\libArduinoCore.a(SPI.o)
                0x00800776                _ZN8SPIClass13interruptMaskE
 .bss._ZN8SPIClass13interruptModeE
                0x00800777        0x1 C:\Users\TUSHAR~1\DOCUME~1\GitHub\SICCA_~2\LORA_A~1.3\ARDUIN~1\ARDUIN~1\ARDUIN~1\Debug\libArduinoCore.a(SPI.o)
                0x00800777                _ZN8SPIClass13interruptModeE
 .bss._ZN8SPIClass11initializedE
                0x00800778        0x1 C:\Users\TUSHAR~1\DOCUME~1\GitHub\SICCA_~2\LORA_A~1.3\ARDUIN~1\ARDUIN~1\ARDUIN~1\Debug\libArduinoCore.a(SPI.o)
                0x00800778                _ZN8SPIClass11initializedE
 *(COMMON)
 COMMON         0x00800779        0x4 c:/program files (x86)/atmel/studio/7.0/toolchain/avr8/avr8-gnu-toolchain/bin/../lib/gcc/avr/5.4.0/../../../../avr/lib/avr5\libc.a(malloc.o)
                0x00800779                __brkval
                0x0080077b                __flp
                0x0080077d                PROVIDE (__bss_end, .)
                0x00004d92                __data_load_start = LOADADDR (.data)
                0x00004f98                __data_load_end = (__data_load_start + SIZEOF (.data))

.noinit         0x0080077d        0x0
                [!provide]                PROVIDE (__noinit_start, .)
 *(.noinit*)
                [!provide]                PROVIDE (__noinit_end, .)
                0x0080077d                _end = .
                0x0080077d                PROVIDE (__heap_start, .)

.eeprom         0x00810000        0x0
 *(.eeprom*)
                0x00810000                __eeprom_end = .

.fuse
 *(.fuse)
 *(.lfuse)
 *(.hfuse)
 *(.efuse)

.lock
 *(.lock*)

.signature
 *(.signature*)

.user_signatures
 *(.user_signatures*)

.stab
 *(.stab)

.stabstr
 *(.stabstr)

.stab.excl
 *(.stab.excl)

.stab.exclstr
 *(.stab.exclstr)

.stab.index
 *(.stab.index)

.stab.indexstr
 *(.stab.indexstr)

.comment        0x00000000       0x30
 *(.comment)
 .comment       0x00000000       0x30 analogComp.o
                                 0x31 (size before relaxing)
 .comment       0x00000030       0x31 Calibration.o
 .comment       0x00000030       0x31 Fault_And_Indication.o
 .comment       0x00000030       0x31 Init.o
 .comment       0x00000030       0x31 Lora_Recieved.o
 .comment       0x00000030       0x31 Pump_Handle.o
 .comment       0x00000030       0x31 Sketch.o
 .comment       0x00000030       0x31 TrueRMS.o
 .comment       0x00000030       0x31 C:\Users\TUSHAR~1\DOCUME~1\GitHub\SICCA_~2\LORA_A~1.3\ARDUIN~1\ARDUIN~1\ARDUIN~1\Debug\libArduinoCore.a(HardwareSerial.o)
 .comment       0x00000030       0x31 C:\Users\TUSHAR~1\DOCUME~1\GitHub\SICCA_~2\LORA_A~1.3\ARDUIN~1\ARDUIN~1\ARDUIN~1\Debug\libArduinoCore.a(HardwareSerial0.o)
 .comment       0x00000030       0x31 C:\Users\TUSHAR~1\DOCUME~1\GitHub\SICCA_~2\LORA_A~1.3\ARDUIN~1\ARDUIN~1\ARDUIN~1\Debug\libArduinoCore.a(main.o)
 .comment       0x00000030       0x31 C:\Users\TUSHAR~1\DOCUME~1\GitHub\SICCA_~2\LORA_A~1.3\ARDUIN~1\ARDUIN~1\ARDUIN~1\Debug\libArduinoCore.a(Print.o)
 .comment       0x00000030       0x31 C:\Users\TUSHAR~1\DOCUME~1\GitHub\SICCA_~2\LORA_A~1.3\ARDUIN~1\ARDUIN~1\ARDUIN~1\Debug\libArduinoCore.a(wiring.o)
 .comment       0x00000030       0x31 C:\Users\TUSHAR~1\DOCUME~1\GitHub\SICCA_~2\LORA_A~1.3\ARDUIN~1\ARDUIN~1\ARDUIN~1\Debug\libArduinoCore.a(wiring_analog.o)
 .comment       0x00000030       0x31 C:\Users\TUSHAR~1\DOCUME~1\GitHub\SICCA_~2\LORA_A~1.3\ARDUIN~1\ARDUIN~1\ARDUIN~1\Debug\libArduinoCore.a(wiring_digital.o)
 .comment       0x00000030       0x31 C:\Users\TUSHAR~1\DOCUME~1\GitHub\SICCA_~2\LORA_A~1.3\ARDUIN~1\ARDUIN~1\ARDUIN~1\Debug\libArduinoCore.a(EmonLib.o)
 .comment       0x00000030       0x31 C:\Users\TUSHAR~1\DOCUME~1\GitHub\SICCA_~2\LORA_A~1.3\ARDUIN~1\ARDUIN~1\ARDUIN~1\Debug\libArduinoCore.a(RHGenericDriver.o)
 .comment       0x00000030       0x31 C:\Users\TUSHAR~1\DOCUME~1\GitHub\SICCA_~2\LORA_A~1.3\ARDUIN~1\ARDUIN~1\ARDUIN~1\Debug\libArduinoCore.a(RHHardwareSPI.o)
 .comment       0x00000030       0x31 C:\Users\TUSHAR~1\DOCUME~1\GitHub\SICCA_~2\LORA_A~1.3\ARDUIN~1\ARDUIN~1\ARDUIN~1\Debug\libArduinoCore.a(RH_RF95.o)
 .comment       0x00000030       0x31 C:\Users\TUSHAR~1\DOCUME~1\GitHub\SICCA_~2\LORA_A~1.3\ARDUIN~1\ARDUIN~1\ARDUIN~1\Debug\libArduinoCore.a(SPI.o)
 .comment       0x00000030       0x31 C:\Users\TUSHAR~1\DOCUME~1\GitHub\SICCA_~2\LORA_A~1.3\ARDUIN~1\ARDUIN~1\ARDUIN~1\Debug\libArduinoCore.a(abi.o)
 .comment       0x00000030       0x31 C:\Users\TUSHAR~1\DOCUME~1\GitHub\SICCA_~2\LORA_A~1.3\ARDUIN~1\ARDUIN~1\ARDUIN~1\Debug\libArduinoCore.a(hooks.o)
 .comment       0x00000030       0x31 C:\Users\TUSHAR~1\DOCUME~1\GitHub\SICCA_~2\LORA_A~1.3\ARDUIN~1\ARDUIN~1\ARDUIN~1\Debug\libArduinoCore.a(new.o)
 .comment       0x00000030       0x31 C:\Users\TUSHAR~1\DOCUME~1\GitHub\SICCA_~2\LORA_A~1.3\ARDUIN~1\ARDUIN~1\ARDUIN~1\Debug\libArduinoCore.a(WInterrupts.o)
 .comment       0x00000030       0x31 C:\Users\TUSHAR~1\DOCUME~1\GitHub\SICCA_~2\LORA_A~1.3\ARDUIN~1\ARDUIN~1\ARDUIN~1\Debug\libArduinoCore.a(WMath.o)
 .comment       0x00000030       0x31 C:\Users\TUSHAR~1\DOCUME~1\GitHub\SICCA_~2\LORA_A~1.3\ARDUIN~1\ARDUIN~1\ARDUIN~1\Debug\libArduinoCore.a(RHGenericSPI.o)
 .comment       0x00000030       0x31 C:\Users\TUSHAR~1\DOCUME~1\GitHub\SICCA_~2\LORA_A~1.3\ARDUIN~1\ARDUIN~1\ARDUIN~1\Debug\libArduinoCore.a(RHSPIDriver.o)
 .comment       0x00000030       0x31 c:/program files (x86)/atmel/studio/7.0/toolchain/avr8/avr8-gnu-toolchain/bin/../lib/gcc/avr/5.4.0/../../../../avr/lib/avr5\libc.a(malloc.o)
 .comment       0x00000030       0x31 c:/program files (x86)/atmel/studio/7.0/toolchain/avr8/avr8-gnu-toolchain/bin/../lib/gcc/avr/5.4.0/../../../../avr/lib/avr5\libc.a(random.o)

.note.gnu.avr.deviceinfo
                0x00000000       0x40
 .note.gnu.avr.deviceinfo
                0x00000000       0x40 C:/Program Files (x86)/Atmel/Studio/7.0/Packs/atmel/ATmega_DFP/1.6.364/gcc/dev/atmega328p/avr5/crtatmega328p.o

.note.gnu.build-id
 *(.note.gnu.build-id)

.debug
 *(.debug)

.line
 *(.line)

.debug_srcinfo
 *(.debug_srcinfo)

.debug_sfnames
 *(.debug_sfnames)

.debug_aranges  0x00000000      0xa50
 *(.debug_aranges)
 .debug_aranges
                0x00000000       0x48 analogComp.o
 .debug_aranges
                0x00000048       0x28 Calibration.o
 .debug_aranges
                0x00000070       0x38 Fault_And_Indication.o
 .debug_aranges
                0x000000a8       0x38 Init.o
 .debug_aranges
                0x000000e0       0x40 Lora_Recieved.o
 .debug_aranges
                0x00000120       0x30 Pump_Handle.o
 .debug_aranges
                0x00000150       0x70 Sketch.o
 .debug_aranges
                0x000001c0       0xe8 TrueRMS.o
 .debug_aranges
                0x000002a8       0x68 C:\Users\TUSHAR~1\DOCUME~1\GitHub\SICCA_~2\LORA_A~1.3\ARDUIN~1\ARDUIN~1\ARDUIN~1\Debug\libArduinoCore.a(HardwareSerial.o)
 .debug_aranges
                0x00000310       0x48 C:\Users\TUSHAR~1\DOCUME~1\GitHub\SICCA_~2\LORA_A~1.3\ARDUIN~1\ARDUIN~1\ARDUIN~1\Debug\libArduinoCore.a(HardwareSerial0.o)
 .debug_aranges
                0x00000358       0x30 C:\Users\TUSHAR~1\DOCUME~1\GitHub\SICCA_~2\LORA_A~1.3\ARDUIN~1\ARDUIN~1\ARDUIN~1\Debug\libArduinoCore.a(main.o)
 .debug_aranges
                0x00000388      0x100 C:\Users\TUSHAR~1\DOCUME~1\GitHub\SICCA_~2\LORA_A~1.3\ARDUIN~1\ARDUIN~1\ARDUIN~1\Debug\libArduinoCore.a(Print.o)
 .debug_aranges
                0x00000488       0x48 C:\Users\TUSHAR~1\DOCUME~1\GitHub\SICCA_~2\LORA_A~1.3\ARDUIN~1\ARDUIN~1\ARDUIN~1\Debug\libArduinoCore.a(wiring.o)
 .debug_aranges
                0x000004d0       0x30 C:\Users\TUSHAR~1\DOCUME~1\GitHub\SICCA_~2\LORA_A~1.3\ARDUIN~1\ARDUIN~1\ARDUIN~1\Debug\libArduinoCore.a(wiring_analog.o)
 .debug_aranges
                0x00000500       0x38 C:\Users\TUSHAR~1\DOCUME~1\GitHub\SICCA_~2\LORA_A~1.3\ARDUIN~1\ARDUIN~1\ARDUIN~1\Debug\libArduinoCore.a(wiring_digital.o)
 .debug_aranges
                0x00000538       0x58 C:\Users\TUSHAR~1\DOCUME~1\GitHub\SICCA_~2\LORA_A~1.3\ARDUIN~1\ARDUIN~1\ARDUIN~1\Debug\libArduinoCore.a(EmonLib.o)
 .debug_aranges
                0x00000590       0xe8 C:\Users\TUSHAR~1\DOCUME~1\GitHub\SICCA_~2\LORA_A~1.3\ARDUIN~1\ARDUIN~1\ARDUIN~1\Debug\libArduinoCore.a(RHGenericDriver.o)
 .debug_aranges
                0x00000678       0x68 C:\Users\TUSHAR~1\DOCUME~1\GitHub\SICCA_~2\LORA_A~1.3\ARDUIN~1\ARDUIN~1\ARDUIN~1\Debug\libArduinoCore.a(RHHardwareSPI.o)
 .debug_aranges
                0x000006e0      0x138 C:\Users\TUSHAR~1\DOCUME~1\GitHub\SICCA_~2\LORA_A~1.3\ARDUIN~1\ARDUIN~1\ARDUIN~1\Debug\libArduinoCore.a(RH_RF95.o)
 .debug_aranges
                0x00000818       0x38 C:\Users\TUSHAR~1\DOCUME~1\GitHub\SICCA_~2\LORA_A~1.3\ARDUIN~1\ARDUIN~1\ARDUIN~1\Debug\libArduinoCore.a(SPI.o)
 .debug_aranges
                0x00000850       0x20 C:\Users\TUSHAR~1\DOCUME~1\GitHub\SICCA_~2\LORA_A~1.3\ARDUIN~1\ARDUIN~1\ARDUIN~1\Debug\libArduinoCore.a(abi.o)
 .debug_aranges
                0x00000870       0x20 C:\Users\TUSHAR~1\DOCUME~1\GitHub\SICCA_~2\LORA_A~1.3\ARDUIN~1\ARDUIN~1\ARDUIN~1\Debug\libArduinoCore.a(hooks.o)
 .debug_aranges
                0x00000890       0x30 C:\Users\TUSHAR~1\DOCUME~1\GitHub\SICCA_~2\LORA_A~1.3\ARDUIN~1\ARDUIN~1\ARDUIN~1\Debug\libArduinoCore.a(new.o)
 .debug_aranges
                0x000008c0       0x40 C:\Users\TUSHAR~1\DOCUME~1\GitHub\SICCA_~2\LORA_A~1.3\ARDUIN~1\ARDUIN~1\ARDUIN~1\Debug\libArduinoCore.a(WInterrupts.o)
 .debug_aranges
                0x00000900       0x48 C:\Users\TUSHAR~1\DOCUME~1\GitHub\SICCA_~2\LORA_A~1.3\ARDUIN~1\ARDUIN~1\ARDUIN~1\Debug\libArduinoCore.a(WMath.o)
 .debug_aranges
                0x00000948       0x60 C:\Users\TUSHAR~1\DOCUME~1\GitHub\SICCA_~2\LORA_A~1.3\ARDUIN~1\ARDUIN~1\ARDUIN~1\Debug\libArduinoCore.a(RHGenericSPI.o)
 .debug_aranges
                0x000009a8       0x68 C:\Users\TUSHAR~1\DOCUME~1\GitHub\SICCA_~2\LORA_A~1.3\ARDUIN~1\ARDUIN~1\ARDUIN~1\Debug\libArduinoCore.a(RHSPIDriver.o)
 .debug_aranges
                0x00000a10       0x20 C:/Program Files (x86)/Atmel/Studio/7.0/Packs/atmel/ATmega_DFP/1.6.364/gcc/dev/atmega328p/avr5\libatmega328p.a(eerd_byte.o)
 .debug_aranges
                0x00000a30       0x20 C:/Program Files (x86)/Atmel/Studio/7.0/Packs/atmel/ATmega_DFP/1.6.364/gcc/dev/atmega328p/avr5\libatmega328p.a(eewr_byte.o)

.debug_pubnames
 *(.debug_pubnames)

.debug_info     0x00000000    0x17ce8
 *(.debug_info .gnu.linkonce.wi.*)
 .debug_info    0x00000000      0x5f4 C:/Program Files (x86)/Atmel/Studio/7.0/Packs/atmel/ATmega_DFP/1.6.364/gcc/dev/atmega328p/avr5/crtatmega328p.o
 .debug_info    0x000005f4      0xa99 analogComp.o
 .debug_info    0x0000108d     0x12d6 Calibration.o
 .debug_info    0x00002363     0x1280 Fault_And_Indication.o
 .debug_info    0x000035e3     0x144c Init.o
 .debug_info    0x00004a2f     0x18ec Lora_Recieved.o
 .debug_info    0x0000631b      0xba4 Pump_Handle.o
 .debug_info    0x00006ebf     0x2164 Sketch.o
 .debug_info    0x00009023     0x1511 TrueRMS.o
 .debug_info    0x0000a534     0x1f6d C:\Users\TUSHAR~1\DOCUME~1\GitHub\SICCA_~2\LORA_A~1.3\ARDUIN~1\ARDUIN~1\ARDUIN~1\Debug\libArduinoCore.a(HardwareSerial.o)
 .debug_info    0x0000c4a1     0x1b16 C:\Users\TUSHAR~1\DOCUME~1\GitHub\SICCA_~2\LORA_A~1.3\ARDUIN~1\ARDUIN~1\ARDUIN~1\Debug\libArduinoCore.a(HardwareSerial0.o)
 .debug_info    0x0000dfb7      0x237 C:\Users\TUSHAR~1\DOCUME~1\GitHub\SICCA_~2\LORA_A~1.3\ARDUIN~1\ARDUIN~1\ARDUIN~1\Debug\libArduinoCore.a(main.o)
 .debug_info    0x0000e1ee     0x28ff C:\Users\TUSHAR~1\DOCUME~1\GitHub\SICCA_~2\LORA_A~1.3\ARDUIN~1\ARDUIN~1\ARDUIN~1\Debug\libArduinoCore.a(Print.o)
 .debug_info    0x00010aed      0x2cb C:\Users\TUSHAR~1\DOCUME~1\GitHub\SICCA_~2\LORA_A~1.3\ARDUIN~1\ARDUIN~1\ARDUIN~1\Debug\libArduinoCore.a(wiring.o)
 .debug_info    0x00010db8      0x26d C:\Users\TUSHAR~1\DOCUME~1\GitHub\SICCA_~2\LORA_A~1.3\ARDUIN~1\ARDUIN~1\ARDUIN~1\Debug\libArduinoCore.a(wiring_analog.o)
 .debug_info    0x00011025      0x5fe C:\Users\TUSHAR~1\DOCUME~1\GitHub\SICCA_~2\LORA_A~1.3\ARDUIN~1\ARDUIN~1\ARDUIN~1\Debug\libArduinoCore.a(wiring_digital.o)
 .debug_info    0x00011623      0x99d C:\Users\TUSHAR~1\DOCUME~1\GitHub\SICCA_~2\LORA_A~1.3\ARDUIN~1\ARDUIN~1\ARDUIN~1\Debug\libArduinoCore.a(EmonLib.o)
 .debug_info    0x00011fc0     0x100c C:\Users\TUSHAR~1\DOCUME~1\GitHub\SICCA_~2\LORA_A~1.3\ARDUIN~1\ARDUIN~1\ARDUIN~1\Debug\libArduinoCore.a(RHGenericDriver.o)
 .debug_info    0x00012fcc      0xc02 C:\Users\TUSHAR~1\DOCUME~1\GitHub\SICCA_~2\LORA_A~1.3\ARDUIN~1\ARDUIN~1\ARDUIN~1\Debug\libArduinoCore.a(RHHardwareSPI.o)
 .debug_info    0x00013bce     0x22b4 C:\Users\TUSHAR~1\DOCUME~1\GitHub\SICCA_~2\LORA_A~1.3\ARDUIN~1\ARDUIN~1\ARDUIN~1\Debug\libArduinoCore.a(RH_RF95.o)
 .debug_info    0x00015e82      0x66b C:\Users\TUSHAR~1\DOCUME~1\GitHub\SICCA_~2\LORA_A~1.3\ARDUIN~1\ARDUIN~1\ARDUIN~1\Debug\libArduinoCore.a(SPI.o)
 .debug_info    0x000164ed       0x76 C:\Users\TUSHAR~1\DOCUME~1\GitHub\SICCA_~2\LORA_A~1.3\ARDUIN~1\ARDUIN~1\ARDUIN~1\Debug\libArduinoCore.a(abi.o)
 .debug_info    0x00016563       0x3e C:\Users\TUSHAR~1\DOCUME~1\GitHub\SICCA_~2\LORA_A~1.3\ARDUIN~1\ARDUIN~1\ARDUIN~1\Debug\libArduinoCore.a(hooks.o)
 .debug_info    0x000165a1      0x15f C:\Users\TUSHAR~1\DOCUME~1\GitHub\SICCA_~2\LORA_A~1.3\ARDUIN~1\ARDUIN~1\ARDUIN~1\Debug\libArduinoCore.a(new.o)
 .debug_info    0x00016700      0x21c C:\Users\TUSHAR~1\DOCUME~1\GitHub\SICCA_~2\LORA_A~1.3\ARDUIN~1\ARDUIN~1\ARDUIN~1\Debug\libArduinoCore.a(WInterrupts.o)
 .debug_info    0x0001691c      0x230 C:\Users\TUSHAR~1\DOCUME~1\GitHub\SICCA_~2\LORA_A~1.3\ARDUIN~1\ARDUIN~1\ARDUIN~1\Debug\libArduinoCore.a(WMath.o)
 .debug_info    0x00016b4c      0x696 C:\Users\TUSHAR~1\DOCUME~1\GitHub\SICCA_~2\LORA_A~1.3\ARDUIN~1\ARDUIN~1\ARDUIN~1\Debug\libArduinoCore.a(RHGenericSPI.o)
 .debug_info    0x000171e2      0x9d2 C:\Users\TUSHAR~1\DOCUME~1\GitHub\SICCA_~2\LORA_A~1.3\ARDUIN~1\ARDUIN~1\ARDUIN~1\Debug\libArduinoCore.a(RHSPIDriver.o)
 .debug_info    0x00017bb4       0x9a C:/Program Files (x86)/Atmel/Studio/7.0/Packs/atmel/ATmega_DFP/1.6.364/gcc/dev/atmega328p/avr5\libatmega328p.a(eerd_byte.o)
 .debug_info    0x00017c4e       0x9a C:/Program Files (x86)/Atmel/Studio/7.0/Packs/atmel/ATmega_DFP/1.6.364/gcc/dev/atmega328p/avr5\libatmega328p.a(eewr_byte.o)

.debug_abbrev   0x00000000     0x4c9a
 *(.debug_abbrev)
 .debug_abbrev  0x00000000      0x5a2 C:/Program Files (x86)/Atmel/Studio/7.0/Packs/atmel/ATmega_DFP/1.6.364/gcc/dev/atmega328p/avr5/crtatmega328p.o
 .debug_abbrev  0x000005a2      0x2e2 analogComp.o
 .debug_abbrev  0x00000884      0x317 Calibration.o
 .debug_abbrev  0x00000b9b      0x296 Fault_And_Indication.o
 .debug_abbrev  0x00000e31      0x33c Init.o
 .debug_abbrev  0x0000116d      0x40e Lora_Recieved.o
 .debug_abbrev  0x0000157b      0x20e Pump_Handle.o
 .debug_abbrev  0x00001789      0x4ac Sketch.o
 .debug_abbrev  0x00001c35      0x240 TrueRMS.o
 .debug_abbrev  0x00001e75      0x4c6 C:\Users\TUSHAR~1\DOCUME~1\GitHub\SICCA_~2\LORA_A~1.3\ARDUIN~1\ARDUIN~1\ARDUIN~1\Debug\libArduinoCore.a(HardwareSerial.o)
 .debug_abbrev  0x0000233b      0x3ce C:\Users\TUSHAR~1\DOCUME~1\GitHub\SICCA_~2\LORA_A~1.3\ARDUIN~1\ARDUIN~1\ARDUIN~1\Debug\libArduinoCore.a(HardwareSerial0.o)
 .debug_abbrev  0x00002709      0x12d C:\Users\TUSHAR~1\DOCUME~1\GitHub\SICCA_~2\LORA_A~1.3\ARDUIN~1\ARDUIN~1\ARDUIN~1\Debug\libArduinoCore.a(main.o)
 .debug_abbrev  0x00002836      0x47a C:\Users\TUSHAR~1\DOCUME~1\GitHub\SICCA_~2\LORA_A~1.3\ARDUIN~1\ARDUIN~1\ARDUIN~1\Debug\libArduinoCore.a(Print.o)
 .debug_abbrev  0x00002cb0      0x146 C:\Users\TUSHAR~1\DOCUME~1\GitHub\SICCA_~2\LORA_A~1.3\ARDUIN~1\ARDUIN~1\ARDUIN~1\Debug\libArduinoCore.a(wiring.o)
 .debug_abbrev  0x00002df6      0x16b C:\Users\TUSHAR~1\DOCUME~1\GitHub\SICCA_~2\LORA_A~1.3\ARDUIN~1\ARDUIN~1\ARDUIN~1\Debug\libArduinoCore.a(wiring_analog.o)
 .debug_abbrev  0x00002f61      0x15b C:\Users\TUSHAR~1\DOCUME~1\GitHub\SICCA_~2\LORA_A~1.3\ARDUIN~1\ARDUIN~1\ARDUIN~1\Debug\libArduinoCore.a(wiring_digital.o)
 .debug_abbrev  0x000030bc      0x252 C:\Users\TUSHAR~1\DOCUME~1\GitHub\SICCA_~2\LORA_A~1.3\ARDUIN~1\ARDUIN~1\ARDUIN~1\Debug\libArduinoCore.a(EmonLib.o)
 .debug_abbrev  0x0000330e      0x374 C:\Users\TUSHAR~1\DOCUME~1\GitHub\SICCA_~2\LORA_A~1.3\ARDUIN~1\ARDUIN~1\ARDUIN~1\Debug\libArduinoCore.a(RHGenericDriver.o)
 .debug_abbrev  0x00003682      0x44c C:\Users\TUSHAR~1\DOCUME~1\GitHub\SICCA_~2\LORA_A~1.3\ARDUIN~1\ARDUIN~1\ARDUIN~1\Debug\libArduinoCore.a(RHHardwareSPI.o)
 .debug_abbrev  0x00003ace      0x638 C:\Users\TUSHAR~1\DOCUME~1\GitHub\SICCA_~2\LORA_A~1.3\ARDUIN~1\ARDUIN~1\ARDUIN~1\Debug\libArduinoCore.a(RH_RF95.o)
 .debug_abbrev  0x00004106      0x283 C:\Users\TUSHAR~1\DOCUME~1\GitHub\SICCA_~2\LORA_A~1.3\ARDUIN~1\ARDUIN~1\ARDUIN~1\Debug\libArduinoCore.a(SPI.o)
 .debug_abbrev  0x00004389       0x6d C:\Users\TUSHAR~1\DOCUME~1\GitHub\SICCA_~2\LORA_A~1.3\ARDUIN~1\ARDUIN~1\ARDUIN~1\Debug\libArduinoCore.a(abi.o)
 .debug_abbrev  0x000043f6       0x2a C:\Users\TUSHAR~1\DOCUME~1\GitHub\SICCA_~2\LORA_A~1.3\ARDUIN~1\ARDUIN~1\ARDUIN~1\Debug\libArduinoCore.a(hooks.o)